Component: ARM Compiler 5.06 update 5 (build 528) Tool: armlink [4d35e2]

==============================================================================

Section Cross References

    stm32f0xx_it.o(i.DMA1_Channel1_IRQHandler) refers to stm32f0xx_hal_dma.o(i.HAL_DMA_IRQHandler) for HAL_DMA_IRQHandler
    stm32f0xx_it.o(i.DMA1_Channel1_IRQHandler) refers to main.o(.bss) for hdma_adc
    stm32f0xx_it.o(i.EXTI4_15_IRQHandler) refers to stm32f0xx_hal_gpio.o(i.HAL_GPIO_EXTI_IRQHandler) for HAL_GPIO_EXTI_IRQHandler
    stm32f0xx_it.o(i.SysTick_Handler) refers to cmsis_os.o(i.osSystickHandler) for osSystickHandler
    stm32f0xx_it.o(i.TIM14_IRQHandler) refers to stm32f0xx_hal_tim.o(i.HAL_TIM_IRQHandler) for HAL_TIM_IRQHandler
    stm32f0xx_it.o(i.TIM14_IRQHandler) refers to main.o(.bss) for htim14
    stm32f0xx_it.o(i.TIM3_IRQHandler) refers to stm32f0xx_hal_tim.o(i.HAL_TIM_IRQHandler) for HAL_TIM_IRQHandler
    stm32f0xx_it.o(i.TIM3_IRQHandler) refers to main.o(.bss) for htim3
    stm32f0xx_it.o(i.TIM6_IRQHandler) refers to stm32f0xx_hal_tim.o(i.HAL_TIM_IRQHandler) for HAL_TIM_IRQHandler
    stm32f0xx_it.o(i.TIM6_IRQHandler) refers to stm32f0xx_hal_timebase_tim.o(.bss) for htim6
    stm32f0xx_it.o(i.USART1_IRQHandler) refers to stm32f0xx_hal_uart.o(i.HAL_UART_IRQHandler) for HAL_UART_IRQHandler
    stm32f0xx_it.o(i.USART1_IRQHandler) refers to main.o(.bss) for huart1
    stm32f0xx_it.o(i.USART2_IRQHandler) refers to stm32f0xx_hal_uart.o(i.HAL_UART_IRQHandler) for HAL_UART_IRQHandler
    stm32f0xx_it.o(i.USART2_IRQHandler) refers to main.o(.bss) for huart2
    stm32f0xx_it.o(i.USART3_6_IRQHandler) refers to stm32f0xx_hal_uart.o(i.HAL_UART_IRQHandler) for HAL_UART_IRQHandler
    stm32f0xx_it.o(i.USART3_6_IRQHandler) refers to main.o(.bss) for huart3
    main.o(i.HAL_TIM_PeriodElapsedCallback) refers to stm32f0xx_hal.o(i.HAL_IncTick) for HAL_IncTick
    main.o(i.HAL_TIM_PeriodElapsedCallback) refers to stm32f0xx_hal_iwdg.o(i.HAL_IWDG_Refresh) for HAL_IWDG_Refresh
    main.o(i.HAL_TIM_PeriodElapsedCallback) refers to main.o(.data) for .data
    main.o(i.HAL_TIM_PeriodElapsedCallback) refers to gpio.o(.data) for flag_delay900ms
    main.o(i.HAL_TIM_PeriodElapsedCallback) refers to gpio.o(.data) for flag_delay8s
    main.o(i.HAL_TIM_PeriodElapsedCallback) refers to gpio.o(.data) for flag_alarm
    main.o(i.HAL_TIM_PeriodElapsedCallback) refers to main.o(.bss) for .bss
    main.o(i.HAL_TIM_PeriodElapsedCallback) refers to exti.o(.data) for rotate_count
    main.o(i.HAL_TIM_PeriodElapsedCallback) refers to exti.o(.data) for diff_rotate
    main.o(i.HAL_TIM_PeriodElapsedCallback) refers to exti.o(.data) for diff_mileage
    main.o(i.HAL_TIM_PeriodElapsedCallback) refers to exti.o(.data) for diff_shake
    main.o(i.HAL_UART_RxCpltCallback) refers to stm32f0xx_hal_uart.o(i.HAL_UART_Receive_IT) for HAL_UART_Receive_IT
    main.o(i.HAL_UART_RxCpltCallback) refers to queen.o(i.PushElement) for PushElement
    main.o(i.HAL_UART_RxCpltCallback) refers to main.o(.data) for .data
    main.o(i.HAL_UART_RxCpltCallback) refers to iot_hub.o(.bss) for module_recv_buffer
    main.o(i.HAL_UART_RxCpltCallback) refers to iot_hub.o(.data) for module_recv_write_index
    main.o(i.HAL_UART_RxCpltCallback) refers to main.o(.bss) for .bss
    main.o(i.HAL_UART_RxCpltCallback) refers to queen.o(.data) for Uart2_buf
    main.o(i.HAL_UART_RxCpltCallback) refers to queen.o(.bss) for RxUart2_Queue
    main.o(i.HAL_UART_RxCpltCallback) refers to queen.o(.data) for Uart3_buf
    main.o(i.HAL_UART_RxCpltCallback) refers to queen.o(.bss) for RxUart3_Queue
    main.o(i.MX_ADC_Init) refers to stm32f0xx_hal_adc.o(i.HAL_ADC_Init) for HAL_ADC_Init
    main.o(i.MX_ADC_Init) refers to stm32f0xx_hal_adc.o(i.HAL_ADC_ConfigChannel) for HAL_ADC_ConfigChannel
    main.o(i.MX_ADC_Init) refers to main.o(.bss) for .bss
    main.o(i.MX_GPIO_Init) refers to stm32f0xx_hal_gpio.o(i.HAL_GPIO_WritePin) for HAL_GPIO_WritePin
    main.o(i.MX_GPIO_Init) refers to stm32f0xx_hal_gpio.o(i.HAL_GPIO_Init) for HAL_GPIO_Init
    main.o(i.MX_GPIO_Init) refers to stm32f0xx_hal_cortex.o(i.HAL_NVIC_SetPriority) for HAL_NVIC_SetPriority
    main.o(i.MX_GPIO_Init) refers to stm32f0xx_hal_cortex.o(i.HAL_NVIC_EnableIRQ) for HAL_NVIC_EnableIRQ
    main.o(i.MX_I2C1_Init) refers to stm32f0xx_hal_i2c.o(i.HAL_I2C_Init) for HAL_I2C_Init
    main.o(i.MX_I2C1_Init) refers to stm32f0xx_hal_i2c_ex.o(i.HAL_I2CEx_ConfigAnalogFilter) for HAL_I2CEx_ConfigAnalogFilter
    main.o(i.MX_I2C1_Init) refers to stm32f0xx_hal_i2c_ex.o(i.HAL_I2CEx_ConfigDigitalFilter) for HAL_I2CEx_ConfigDigitalFilter
    main.o(i.MX_I2C1_Init) refers to main.o(.bss) for .bss
    main.o(i.MX_RTC_Init) refers to stm32f0xx_hal_rtc.o(i.HAL_RTC_Init) for HAL_RTC_Init
    main.o(i.MX_RTC_Init) refers to stm32f0xx_hal_rtc.o(i.HAL_RTC_SetTime) for HAL_RTC_SetTime
    main.o(i.MX_RTC_Init) refers to stm32f0xx_hal_rtc.o(i.HAL_RTC_SetDate) for HAL_RTC_SetDate
    main.o(i.MX_RTC_Init) refers to main.o(.bss) for .bss
[...]
    printf                                   0x08004669   Thumb Code     0  printfa.o(i.__0printf)
    __0sprintf                               0x08004689   Thumb Code    36  printfa.o(i.__0sprintf)
    __1sprintf                               0x08004689   Thumb Code     0  printfa.o(i.__0sprintf)
    __2sprintf                               0x08004689   Thumb Code     0  printfa.o(i.__0sprintf)
    __c89sprintf                             0x08004689   Thumb Code     0  printfa.o(i.__0sprintf)
    sprintf                                  0x08004689   Thumb Code     0  printfa.o(i.__0sprintf)
    __ARM_clz                                0x080046b1   Thumb Code    46  depilogue.o(i.__ARM_clz)
    __ARM_common_switch8                     0x080046df   Thumb Code    26  tasks.o(i.__ARM_common_switch8)
    __aeabi_errno_addr                       0x080046f9   Thumb Code     4  errno.o(i.__aeabi_errno_addr)
    __rt_errno_addr                          0x080046f9   Thumb Code     0  errno.o(i.__aeabi_errno_addr)
    __read_errno                             0x08004701   Thumb Code     6  errno.o(i.__read_errno)
    __scatterload_copy                       0x0800470d   Thumb Code    14  handlers.o(i.__scatterload_copy)
    __scatterload_null                       0x0800471b   Thumb Code     2  handlers.o(i.__scatterload_null)
    __scatterload_zeroinit                   0x0800471d   Thumb Code    14  handlers.o(i.__scatterload_zeroinit)
    __set_errno                              0x0800472d   Thumb Code     6  errno.o(i.__set_errno)
    _is_digit                                0x080048ad   Thumb Code    14  scanf_fp.o(i._is_digit)
    at_connect_service                       0x08005001   Thumb Code    54  iot_hub.o(i.at_connect_service)
    at_parse_recv                            0x08005069   Thumb Code    82  iot_hub.o(i.at_parse_recv)
    at_process                               0x080050dd   Thumb Code   198  iot_hub.o(i.at_process)
    atof                                     0x08005221   Thumb Code    42  atof.o(i.atof)
    battery_lock                             0x0800524d   Thumb Code    68  gpio.o(i.battery_lock)
    bt_giveback_package                      0x0800529d   Thumb Code    80  bt_app.o(i.bt_giveback_package)
    bt_parse_proc                            0x080052f5   Thumb Code   274  bt_app.o(i.bt_parse_proc)
    bt_prepare_send_data                     0x08005475   Thumb Code   120  bt_app.o(i.bt_prepare_send_data)
    bt_prepare_send_data_ext                 0x080054ed   Thumb Code   118  bt_app.o(i.bt_prepare_send_data_ext)
    bt_send                                  0x08005563   Thumb Code     8  bt_app.o(i.bt_send)
    bt_send_data                             0x0800556b   Thumb Code    50  bt_app.o(i.bt_send_data)
    bt_unlock                                0x0800559d   Thumb Code    34  bt_app.o(i.bt_unlock)
    calibration_time                         0x080055c9   Thumb Code   124  protocol.o(i.calibration_time)
    check_sharp_zhendong                     0x08005665   Thumb Code    20  control_app.o(i.check_sharp_zhendong)
    check_zhendong                           0x08005681   Thumb Code    16  control_app.o(i.check_zhendong)
    close_electric_door                      0x08005695   Thumb Code    14  gpio.o(i.close_electric_door)
    cmpdata                                  0x080056a9   Thumb Code    30  iot_hub.o(i.cmpdata)
    control_proc                             0x080056c9   Thumb Code   362  control_interface.o(i.control_proc)
    convert_csq                              0x08005949   Thumb Code    32  control_app.o(i.convert_csq)
    convert_gps_data_for_protocol            0x08005969   Thumb Code   340  protocol.o(i.convert_gps_data_for_protocol)
    delay_us                                 0x08005acd   Thumb Code    26  voice.o(i.delay_us)
    fputc                                    0x08005ae9   Thumb Code    18  usart.o(i.fputc)
    free                                     0x08005b01   Thumb Code    80  malloc.o(i.free)
    gb_speed_process                         0x08005b55   Thumb Code    44  control_app.o(i.gb_speed_process)
    getPerimeter                             0x08005b8d   Thumb Code    70  control_app.o(i.getPerimeter)
    get_bat_connect_status                   0x08005c05   Thumb Code    22  control_app.o(i.get_bat_connect_status)
    get_bat_vol                              0x08005c1d   Thumb Code    74  adc.o(i.get_bat_vol)
    get_crc16                                0x08005c81   Thumb Code    40  protocol.o(i.get_crc16)
    get_double_number                        0x08005cb1   Thumb Code    44  iot_hub.o(i.get_double_number)
    get_ebike_data                           0x08005cdd   Thumb Code   604  control_app.o(i.get_ebike_data)
    get_electric_gate_status                 0x08005f61   Thumb Code     6  control_app.o(i.get_electric_gate_status)
    get_hall_for_speed                       0x08005f6d   Thumb Code    52  control_app.o(i.get_hall_for_speed)
    get_imei                                 0x08005fa9   Thumb Code    30  iot_hub.o(i.get_imei)
    get_imsi                                 0x08005fe1   Thumb Code     4  iot_hub.o(i.get_imsi)
    get_locate                               0x08005fe9   Thumb Code    62  iot_hub.o(i.get_locate)
    get_uart_data                            0x0800602d   Thumb Code    38  iot_hub.o(i.get_uart_data)
    get_used_sat                             0x0800605d   Thumb Code    24  iot_hub.o(i.get_used_sat)
    get_work_state                           0x08006075   Thumb Code    16  protocol.o(i.get_work_state)
    gnss_init                                0x08006089   Thumb Code    12  iot_hub.o(i.gnss_init)
    gprs_unlock                              0x08006095   Thumb Code    34  control_app.o(i.gprs_unlock)
    gps_led_process                          0x080060c1   Thumb Code    80  gpio.o(i.gps_led_process)
    gsm_led_process                          0x08006115   Thumb Code    92  gpio.o(i.gsm_led_process)
    hex_convert_str                          0x08006175   Thumb Code    76  protocol.o(i.hex_convert_str)
    hex_str_2_bytes                          0x080061c1   Thumb Code    98  protocol.o(i.hex_str_2_bytes)
    init_flash                               0x08006225   Thumb Code   230  control_app.o(i.init_flash)
    kfd_get_sn                               0x08006335   Thumb Code    12  protocol.o(i.kfd_get_sn)
    kfd_lat_long_convert                     0x08006345   Thumb Code    16  protocol.o(i.kfd_lat_long_convert)
    lock_bike                                0x08006359   Thumb Code    76  control_app.o(i.lock_bike)
    main                                     0x080063ad   Thumb Code   194  main.o(i.main)
    malloc                                   0x080064a1   Thumb Code    92  malloc.o(i.malloc)
    modify_service_address                   0x0800650d   Thumb Code   308  control_interface.o(i.modify_service_address)
    module_init                              0x08006691   Thumb Code   134  iot_hub.o(i.module_init)
    motor_lock_bike                          0x08006749   Thumb Code    98  gpio.o(i.motor_lock_bike)
    motorlock_process                        0x080067b9   Thumb Code    54  control_app.o(i.motorlock_process)
    mymemcpy                                 0x080067fd   Thumb Code    22  queen.o(i.mymemcpy)
    open_dianchi_lock                        0x08006815   Thumb Code     8  control_app.o(i.open_dianchi_lock)
    open_electric_door                       0x08006821   Thumb Code    14  gpio.o(i.open_electric_door)
    osDelay                                  0x08006835   Thumb Code    22  cmsis_os.o(i.osDelay)
    osKernelStart                            0x0800684b   Thumb Code    10  cmsis_os.o(i.osKernelStart)
    osSystickHandler                         0x08006855   Thumb Code    16  cmsis_os.o(i.osSystickHandler)
    osThreadCreate                           0x08006865   Thumb Code    46  cmsis_os.o(i.osThreadCreate)
    parse_another_cmd                        0x08006895   Thumb Code   356  iot_hub.o(i.parse_another_cmd)
    parse_bt_cmd                             0x08006ad9   Thumb Code   214  bt_app.o(i.parse_bt_cmd)
    parse_cell_location_cmd                  0x08006bfd   Thumb Code    68  iot_hub.o(i.parse_cell_location_cmd)
    parse_control_cmd                        0x08006c59   Thumb Code   262  control_interface.o(i.parse_control_cmd)
    parse_csq_cmd                            0x08006dd9   Thumb Code    66  iot_hub.o(i.parse_csq_cmd)
    parse_dev_data                           0x08006e39   Thumb Code    26  protocol.o(i.parse_dev_data)
    parse_gnss_pkg                           0x08006e55   Thumb Code    80  iot_hub.o(i.parse_gnss_pkg)
    parse_gps_data                           0x08006ec9   Thumb Code   390  iot_hub.o(i.parse_gps_data)
    parse_imei_cmd                           0x08007079   Thumb Code    56  iot_hub.o(i.parse_imei_cmd)
    parse_imsi_cmd                           0x080070c5   Thumb Code    56  iot_hub.o(i.parse_imsi_cmd)
    parse_imsi_package                       0x08007111   Thumb Code    50  control_app.o(i.parse_imsi_package)
    parse_network_cmd                        0x08007161   Thumb Code   618  control_app.o(i.parse_network_cmd)
    parse_package_type                       0x0800745d   Thumb Code   124  iot_hub.o(i.parse_package_type)
    protocol_parse                           0x080074e1   Thumb Code   166  protocol.o(i.protocol_parse)
    protocol_proc                            0x0800759d   Thumb Code   220  protocol.o(i.protocol_proc)
    pure_uart1_buf                           0x08007ddd   Thumb Code    26  iot_hub.o(i.pure_uart1_buf)
    push_interval_package_process            0x08007e15   Thumb Code   258  protocol.o(i.push_interval_package_process)
    pvPortMalloc                             0x08007f49   Thumb Code   172  heap_4.o(i.pvPortMalloc)
    pvTaskIncrementMutexHeldCount            0x08007ff9   Thumb Code    20  tasks.o(i.pvTaskIncrementMutexHeldCount)
    pxPortInitialiseStack                    0x08008011   Thumb Code    28  port.o(i.pxPortInitialiseStack)
    read_data                                0x08008031   Thumb Code   114  bt_app.o(i.read_data)
    read_flash                               0x080080d5   Thumb Code    30  flash.o(i.read_flash)
    reset_system                             0x080080f9   Thumb Code     8  gpio.o(i.reset_system)
    send_data                                0x08008101   Thumb Code    94  iot_hub.o(i.send_data)
    send_error_cmd                           0x08008191   Thumb Code    20  bt_app.o(i.send_error_cmd)
    send_gps_QGPSLOC_cmd                     0x080081a5   Thumb Code    10  iot_hub.o(i.send_gps_QGPSLOC_cmd)
    send_ok_cmd                              0x080081af   Thumb Code    18  bt_app.o(i.send_ok_cmd)
    send_package                             0x080081c1   Thumb Code   214  protocol.o(i.send_package)
    shake_process                            0x080082b5   Thumb Code    60  control_app.o(i.shake_process)
    split_diff_type                          0x0800830d   Thumb Code   358  iot_hub.o(i.split_diff_type)
    tangze_lock_bike                         0x08008499   Thumb Code    94  gpio.o(i.tangze_lock_bike)
    tangze_unlock_bike                       0x08008505   Thumb Code    96  gpio.o(i.tangze_unlock_bike)
    test_a_led                               0x08008571   Thumb Code    20  factory_test.o(i.test_a_led)
    test_adc                                 0x0800858d   Thumb Code    66  factory_test.o(i.test_adc)
    test_again_gps                           0x080085e9   Thumb Code    66  factory_test.o(i.test_again_gps)
    test_b_led                               0x08008651   Thumb Code    20  factory_test.o(i.test_b_led)
    test_bat_led                             0x0800866d   Thumb Code    20  factory_test.o(i.test_bat_led)
    test_bt                                  0x08008689   Thumb Code    12  factory_test.o(i.test_bt)
    test_bt_off                              0x08008699   Thumb Code   102  factory_test.o(i.test_bt_off)
    test_cpin                                0x08008735   Thumb Code    22  factory_test.o(i.test_cpin)
    test_dianji_led                          0x08008751   Thumb Code    22  factory_test.o(i.test_dianji_led)
    test_dianmen                             0x0800876d   Thumb Code    44  factory_test.o(i.test_dianmen)
    test_gps                                 0x080087a9   Thumb Code    12  factory_test.o(i.test_gps)
    test_gsm                                 0x080087b5   Thumb Code    56  factory_test.o(i.test_gsm)
    test_hall                                0x080087f5   Thumb Code    10  factory_test.o(i.test_hall)
    test_init                                0x08008809   Thumb Code    64  factory_test.o(i.test_init)
    test_key                                 0x08008851   Thumb Code    36  factory_test.o(i.test_key)
    test_off_a_led                           0x08008881   Thumb Code    16  factory_test.o(i.test_off_a_led)
    test_off_b_led                           0x08008895   Thumb Code    16  factory_test.o(i.test_off_b_led)
    test_off_bat_led                         0x080088a9   Thumb Code    16  factory_test.o(i.test_off_bat_led)
    test_off_dianji_led                      0x080088bd   Thumb Code    18  factory_test.o(i.test_off_dianji_led)
    test_off_dianmen                         0x080088d1   Thumb Code    22  factory_test.o(i.test_off_dianmen)
    test_off_gsen                            0x080088ed   Thumb Code    64  factory_test.o(i.test_off_gsen)
    test_off_hall                            0x0800894d   Thumb Code    68  factory_test.o(i.test_off_hall)
    test_off_lundong                         0x080089a9   Thumb Code    66  factory_test.o(i.test_off_lundong)
    test_process                             0x08008a09   Thumb Code   168  factory_test.o(i.test_process)
    test_voice                               0x08008ad1   Thumb Code    16  factory_test.o(i.test_voice)
    uart1_send                               0x08008ae5   Thumb Code    42  usart.o(i.uart1_send)
    uart2_process                            0x08008b25   Thumb Code    74  usart.o(i.uart2_process)
    uart2_send                               0x08008b7d   Thumb Code    30  usart.o(i.uart2_send)
    uart3_process                            0x08008ba1   Thumb Code    74  usart.o(i.uart3_process)
    uart3_send                               0x08008bf9   Thumb Code    30  usart.o(i.uart3_send)
    upload_alarm_package                     0x08008c1d   Thumb Code   314  protocol.o(i.upload_alarm_package)
    upload_bt_addr_package                   0x08008d75   Thumb Code    56  protocol.o(i.upload_bt_addr_package)
    upload_ebike_data_package                0x08008dcd   Thumb Code    36  protocol.o(i.upload_ebike_data_package)
    upload_give_back_package                 0x08008e0d   Thumb Code   296  protocol.o(i.upload_give_back_package)
    upload_gps_package                       0x08008f59   Thumb Code   336  protocol.o(i.upload_gps_package)
    upload_hb_package                        0x080090d5   Thumb Code    52  protocol.o(i.upload_hb_package)
    upload_imsi_package                      0x0800913d   Thumb Code    66  protocol.o(i.upload_imsi_package)
    upload_login_package                     0x080091a1   Thumb Code    70  protocol.o(i.upload_login_package)
    upload_version_package                   0x08009209   Thumb Code    48  protocol.o(i.upload_version_package)
    uxListRemove                             0x08009269   Thumb Code    36  list.o(i.uxListRemove)
    vApplicationIdleHook                     0x0800928d   Thumb Code     2  freertos.o(i.vApplicationIdleHook)
    vListInitialise                          0x0800928f   Thumb Code    22  list.o(i.vListInitialise)
    vListInitialiseItem                      0x080092a5   Thumb Code     6  list.o(i.vListInitialiseItem)
    vListInsert                              0x080092ab   Thumb Code    48  list.o(i.vListInsert)
    vListInsertEnd                           0x080092db   Thumb Code    24  list.o(i.vListInsertEnd)
    vPortEnterCritical                       0x080092f5   Thumb Code    20  port.o(i.vPortEnterCritical)
    vPortExitCritical                        0x0800930d   Thumb Code    22  port.o(i.vPortExitCritical)
    vPortFree                                0x08009329   Thumb Code    62  heap_4.o(i.vPortFree)
    vPortSetupTimerInterrupt                 0x0800936d   Thumb Code    24  port.o(i.vPortSetupTimerInterrupt)
    vPortYield                               0x0800938d   Thumb Code    18  port.o(i.vPortYield)
    vQueueAddToRegistry                      0x080093a5   Thumb Code    32  queue.o(i.vQueueAddToRegistry)
    vQueueWaitForMessageRestricted           0x080093c9   Thumb Code    68  queue.o(i.vQueueWaitForMessageRestricted)
    vTaskDelay                               0x0800940d   Thumb Code    44  tasks.o(i.vTaskDelay)
    vTaskMissedYield                         0x0800943d   Thumb Code     8  tasks.o(i.vTaskMissedYield)
    vTaskPlaceOnEventList                    0x08009449   Thumb Code    32  tasks.o(i.vTaskPlaceOnEventList)
    vTaskPlaceOnEventListRestricted          0x0800946d   Thumb Code    42  tasks.o(i.vTaskPlaceOnEventListRestricted)
    vTaskPriorityInherit                     0x0800949d   Thumb Code    92  tasks.o(i.vTaskPriorityInherit)
    vTaskSetTimeOutState                     0x08009501   Thumb Code    20  tasks.o(i.vTaskSetTimeOutState)
    vTaskStartScheduler                      0x08009519   Thumb Code    66  tasks.o(i.vTaskStartScheduler)
    vTaskSuspendAll                          0x0800956d   Thumb Code    10  tasks.o(i.vTaskSuspendAll)
    vTaskSwitchContext                       0x0800957d   Thumb Code    78  tasks.o(i.vTaskSwitchContext)
    voice_play                               0x080095d5   Thumb Code     8  voice.o(i.voice_play)
    voice_process                            0x080095e1   Thumb Code   136  voice.o(i.voice_process)
    write_flash                              0x08009681   Thumb Code   324  flash.o(i.write_flash)
    xPortStartScheduler                      0x080097cd   Thumb Code    40  port.o(i.xPortStartScheduler)
    xPortSysTickHandler                      0x080097fd   Thumb Code    32  port.o(i.xPortSysTickHandler)
    xQueueGenericCreate                      0x08009821   Thumb Code    62  queue.o(i.xQueueGenericCreate)
    xQueueGenericReceive                     0x0800985f   Thumb Code   314  queue.o(i.xQueueGenericReceive)
    xQueueGenericReset                       0x08009999   Thumb Code   110  queue.o(i.xQueueGenericReset)
    xQueueGenericSend                        0x08009a07   Thumb Code   286  queue.o(i.xQueueGenericSend)
    xQueueGenericSendFromISR                 0x08009b25   Thumb Code   140  queue.o(i.xQueueGenericSendFromISR)
    xTaskCheckForTimeOut                     0x08009bb1   Thumb Code    80  tasks.o(i.xTaskCheckForTimeOut)
    xTaskCreate                              0x08009c05   Thumb Code    78  tasks.o(i.xTaskCreate)
    xTaskGetSchedulerState                   0x08009c55   Thumb Code    26  tasks.o(i.xTaskGetSchedulerState)
    xTaskGetTickCount                        0x08009c75   Thumb Code     6  tasks.o(i.xTaskGetTickCount)
    xTaskIncrementTick                       0x08009c81   Thumb Code   180  tasks.o(i.xTaskIncrementTick)
    xTaskPriorityDisinherit                  0x08009d3d   Thumb Code    92  tasks.o(i.xTaskPriorityDisinherit)
    xTaskRemoveFromEventList                 0x08009da1   Thumb Code    90  tasks.o(i.xTaskRemoveFromEventList)
    xTaskResumeAll                           0x08009e05   Thumb Code   162  tasks.o(i.xTaskResumeAll)
    xTimerCreateTimerTask                    0x08009eb1   Thumb Code    46  timers.o(i.xTimerCreateTimerTask)
    xTimerGenericCommand                     0x08009ef1   Thumb Code    76  timers.o(i.xTimerGenericCommand)
    zt_controller_send                       0x08009f41   Thumb Code    80  control_interface.o(i.zt_controller_send)
    zt_smart_check_gb_speed                  0x08009fcd   Thumb Code    30  control_app.o(i.zt_smart_check_gb_speed)
    zt_smart_check_hall_is_run               0x08009ff1   Thumb Code    16  control_app.o(i.zt_smart_check_hall_is_run)
    zt_smart_check_lundong_is_run            0x0800a005   Thumb Code    16  control_app.o(i.zt_smart_check_lundong_is_run)
    zt_test_result                           0x0800a019   Thumb Code   156  factory_test.o(i.zt_test_result)
    AHBPrescTable                            0x0800a198   Data          16  system_stm32f0xx.o(.constdata)
    APBPrescTable                            0x0800a1a8   Data           8  system_stm32f0xx.o(.constdata)
    __ctype_table                            0x0800a1bc   Data         129  ctype_o.o(.constdata)
    Region$$Table$$Base                      0x0800a344   Number         0  anon$$obj.o(Region$$Table)
    Region$$Table$$Limit                     0x0800a364   Number         0  anon$$obj.o(Region$$Table)
    usart1_recbuf                            0x20000000   Data           1  main.o(.data)
    usart2_recbuf                            0x20000001   Data           1  main.o(.data)
    usart3_recbuf                            0x20000002   Data           1  main.o(.data)
    tim3_delay3s                             0x20000003   Data           1  main.o(.data)
    flag_delay3s                             0x20000004   Data           1  main.o(.data)
    flag_delay1s                             0x20000005   Data           1  main.o(.data)
    first_pwr                                0x20000006   Data           1  main.o(.data)
    tim14_delay900ms                         0x20000008   Data           2  main.o(.data)
    tim14_delay500ms                         0x2000000a   Data           2  main.o(.data)
    tim14_delay10ms                          0x2000000c   Data           2  main.o(.data)
    tim14_delay4s                            0x2000000e   Data           2  main.o(.data)
    tim14_delay8s                            0x20000010   Data           2  main.o(.data)
    defaultTaskHandle                        0x20000014   Data           4  main.o(.data)
    myTask02Handle                           0x20000018   Data           4  main.o(.data)
    rotate_bak                               0x20000020   Data           8  main.o(.data)
    mileage_bak                              0x20000028   Data           8  main.o(.data)
    shake_bak                                0x20000030   Data           8  main.o(.data)
    pxCurrentTCB                             0x20000038   Data           4  tasks.o(.data)
    uwTick                                   0x200000a4   Data           4  stm32f0xx_hal.o(.data)
    usart2_recv_buffer_index                 0x200000a8   Data           2  usart.o(.data)
    usart3_recv_buffer_index                 0x200000aa   Data           2  usart.o(.data)
    flag_lock                                0x200000ac   Data           1  gpio.o(.data)
    flag_startlock                           0x200000ad   Data           1  gpio.o(.data)
    flag_startunlock                         0x200000ae   Data           1  gpio.o(.data)
    f_start_batlock                          0x200000af   Data           1  gpio.o(.data)
    f_start_motorlock                        0x200000b0   Data           1  gpio.o(.data)
    flag_tangze_unlock                       0x200000b1   Data           1  gpio.o(.data)
    flag_tangze_lock                         0x200000b2   Data           1  gpio.o(.data)
    flag_battery_lock                        0x200000b3   Data           1  gpio.o(.data)
    gsm_led_flag                             0x200000b4   Data           1  gpio.o(.data)
    gsm_led_count                            0x200000b5   Data           1  gpio.o(.data)
    gsm_led_on_off                           0x200000b6   Data           1  gpio.o(.data)
    gps_led_flag                             0x200000b7   Data           1  gpio.o(.data)
    gps_led_count                            0x200000b8   Data           1  gpio.o(.data)
    gps_led_on_off                           0x200000b9   Data           1  gpio.o(.data)
    flag_delay_lock                          0x200000ba   Data           1  gpio.o(.data)
    flag_delay_unlock                        0x200000bb   Data           1  gpio.o(.data)
    flag_batlock                             0x200000bc   Data           1  gpio.o(.data)
    flag_motorlock                           0x200000bd   Data           1  gpio.o(.data)
    flag_motorlock2                          0x200000be   Data           1  gpio.o(.data)
    flag_delay500ms                          0x200000bf   Data           1  gpio.o(.data)
    flag_delay900ms                          0x200000c0   Data           1  gpio.o(.data)
    flag_delay10ms                           0x200000c1   Data           1  gpio.o(.data)
    flag_delay4s                             0x200000c2   Data           1  gpio.o(.data)
    f_motorlock                              0x200000c3   Data           1  gpio.o(.data)
    flag_alarm                               0x200000c4   Data           1  gpio.o(.data)
    flag_delay8s                             0x200000c5   Data           1  gpio.o(.data)
    rotate_count                             0x200000c8   Data           4  exti.o(.data)
    mileage_count                            0x200000cc   Data           4  exti.o(.data)
    shake_count                              0x200000d0   Data           4  exti.o(.data)
    diff_rotate                              0x200000d4   Data           4  exti.o(.data)
    diff_mileage                             0x200000d8   Data           4  exti.o(.data)
    diff_shake                               0x200000dc   Data           4  exti.o(.data)
    voice_times                              0x200000e0   Data           1  voice.o(.data)
    voice_pluse                              0x200000e1   Data           1  voice.o(.data)
    sEEDataNum                               0x200000e2   Data           2  flash.o(.data)
    Uart2_buf                                0x200000e4   Data           1  queen.o(.data)
    Uart3_buf                                0x200000e5   Data           1  queen.o(.data)
    module_recv_write_index                  0x200000e8   Data           2  iot_hub.o(.data)
    recv_read_start_index                    0x200000ea   Data           2  iot_hub.o(.data)
    recv_read_end_index                      0x200000ec   Data           2  iot_hub.o(.data)
    gprs_size                                0x200000ee   Data           2  iot_hub.o(.data)
    send_len                                 0x200000f2   Data           2  iot_hub.o(.data)
    connect_times                            0x200000f4   Data           2  iot_hub.o(.data)
    at_pack                                  0x200000f8   Data        3192  iot_hub.o(.data)
    g_hb_send_times                          0x20000d70   Data           1  protocol.o(.data)
    net_work_state                           0x20000d71   Data           1  protocol.o(.data)
    kfd_sn                                   0x20000d76   Data           2  protocol.o(.data)
    last_mileage                             0x20000f7c   Data           4  control_app.o(.data)
    controller                               0x20000f80   Data          32  control_interface.o(.data)
    g_test_index                             0x20000fa0   Data           1  factory_test.o(.data)
    g_key_state                              0x20000fa1   Data           1  factory_test.o(.data)
    g_hall                                   0x20000fa4   Data           4  factory_test.o(.data)
    g_lundong                                0x20000fa8   Data           4  factory_test.o(.data)
    g_shake                                  0x20000fac   Data           4  factory_test.o(.data)
    g_test_table                             0x20000fb0   Data         612  factory_test.o(.data)
    SystemCoreClock                          0x20001214   Data           4  system_stm32f0xx.o(.data)
    __stdout                                 0x20001218   Data           4  stdout.o(.data)
    __microlib_freelist                      0x2000121c   Data           4  mvars.o(.data)
    __microlib_freelist_initialised          0x20001220   Data           4  mvars.o(.data)
    hadc                                     0x20001228   Data          76  main.o(.bss)
    hi2c1                                    0x20001274   Data          76  main.o(.bss)
    hiwdg                                    0x200012c0   Data          16  main.o(.bss)
    hrtc                                     0x200012d0   Data          32  main.o(.bss)
    htim1                                    0x200012f0   Data          64  main.o(.bss)
    htim3                                    0x20001330   Data          64  main.o(.bss)
    htim14                                   0x20001370   Data          64  main.o(.bss)
    huart1                                   0x200013b0   Data         112  main.o(.bss)
    huart2                                   0x20001420   Data         112  main.o(.bss)
    huart3                                   0x20001490   Data         112  main.o(.bss)
    adc_val                                  0x20001500   Data         256  main.o(.bss)
    hdma_adc                                 0x20001600   Data          68  main.o(.bss)
    htim6                                    0x20001644   Data          64  stm32f0xx_hal_timebase_tim.o(.bss)
    xQueueRegistry                           0x2000520c   Data          64  queue.o(.bss)
    usart2_recv_buffer                       0x20005274   Data         120  usart.o(.bss)
    usart3_recv_buffer                       0x200052ec   Data         120  usart.o(.bss)
    RxUart2_Queue                            0x20005364   Data         216  queen.o(.bss)
    RxUart3_Queue                            0x2000543c   Data         216  queen.o(.bss)
    at_send_Queue                            0x20005514   Data         216  queen.o(.bss)
    module_recv_buffer                       0x200055f0   Data         512  iot_hub.o(.bss)
    send_buffer                              0x200057f0   Data         256  iot_hub.o(.bss)
    gnss_buf                                 0x200058f0   Data         512  iot_hub.o(.bss)
    gprs_buf                                 0x20005af0   Data         512  iot_hub.o(.bss)
    another_buf                              0x20005cf0   Data         512  iot_hub.o(.bss)
    gps_info                                 0x20005ef0   Data         168  iot_hub.o(.bss)
    dev_info                                 0x20005f98   Data          57  iot_hub.o(.bss)
    cell_loc                                 0x20005fd1   Data          22  iot_hub.o(.bss)
    g_config                                 0x20005ff8   Data          25  protocol.o(.bss)
    g_flash                                  0x20006014   Data          72  control_app.o(.bss)
    curr_bat                                 0x2000605c   Data          16  control_interface.o(.bss)
    __heap_base                              0x20006070   Data           0  startup_stm32f030xc.o(HEAP)
    __heap_limit                             0x20006270   Data           0  startup_stm32f030xc.o(HEAP)
    __initial_sp                             0x20006670   Data           0  startup_stm32f030xc.o(STACK)



==============================================================================

Memory Map of the image

  Image Entry point : 0x080000b9

  Load Region LR_IROM1 (Base: 0x08000000, Size: 0x0000b58c, Max: 0x00040000, ABSOLUTE, COMPRESSED[0x0000a868])

    Execution Region ER_IROM1 (Exec base: 0x08000000, Load base: 0x08000000, Size: 0x0000a364, Max: 0x00040000, ABSOLUTE)

    Exec Addr    Load Addr    Size         Type   Attr      Idx    E Section Name        Object

    0x08000000   0x08000000   0x000000b8   Data   RO          551    RESET               startup_stm32f030xc.o
    0x080000b8   0x080000b8   0x00000000   Code   RO         6140  * .ARM.Collect$$$$00000000  mc_p.l(entry.o)
    0x080000b8   0x080000b8   0x00000004   Code   RO         6495    .ARM.Collect$$$$00000001  mc_p.l(entry2.o)
    0x080000bc   0x080000bc   0x00000004   Code   RO         6498    .ARM.Collect$$$$00000004  mc_p.l(entry5.o)
    0x080000c0   0x080000c0   0x00000000   Code   RO         6500    .ARM.Collect$$$$00000008  mc_p.l(entry7b.o)
    0x080000c0   0x080000c0   0x00000000   Code   RO         6502    .ARM.Collect$$$$0000000A  mc_p.l(entry8b.o)
    0x080000c0   0x080000c0   0x00000008   Code   RO         6503    .ARM.Collect$$$$0000000B  mc_p.l(entry9a.o)
    0x080000c8   0x080000c8   0x00000000   Code   RO         6505    .ARM.Collect$$$$0000000D  mc_p.l(entry10a.o)
    0x080000c8   0x080000c8   0x00000000   Code   RO         6507    .ARM.Collect$$$$0000000F  mc_p.l(entry11a.o)
    0x080000c8   0x080000c8   0x00000004   Code   RO         6496    .ARM.Collect$$$$00002712  mc_p.l(entry2.o)
    0x080000cc   0x080000cc   0x00000078   Code   RO          979    .emb_text           port.o
    0x08000144   0x08000144   0x0000001c   Code   RO          552    .text               startup_stm32f030xc.o
    0x08000160   0x08000160   0x0000002c   Code   RO         6143    .text               mc_p.l(uidiv.o)
    0x0800018c   0x0800018c   0x00000028   Code   RO         6145    .text               mc_p.l(idiv.o)
    0x080001b4   0x080001b4   0x00000022   Code   RO         6147    .text               mc_p.l(llushr.o)
    0x080001d6   0x080001d6   0x00000002   PAD
    0x080001d8   0x080001d8   0x0000008c   Code   RO         6151    .text               mc_p.l(mktime.o)
    0x08000264   0x08000264   0x00000024   Code   RO         6154    .text               mc_p.l(memcpya.o)
    0x08000288   0x08000288   0x00000024   Code   RO         6156    .text               mc_p.l(memseta.o)
    0x080002ac   0x080002ac   0x00000018   Code   RO         6158    .text               mc_p.l(strcat.o)
    0x080002c4   0x080002c4   0x00000028   Code   RO         6160    .text               mc_p.l(strstr.o)
    0x080002ec   0x080002ec   0x0000001a   Code   RO         6162    .text               mc_p.l(strncpy.o)
    0x08000306   0x08000306   0x0000000e   Code   RO         6164    .text               mc_p.l(strlen.o)
    0x08000314   0x08000314   0x00000012   Code   RO         6166    .text               mc_p.l(strcpy.o)
    0x08000326   0x08000326   0x00000014   Code   RO         6459    .text               mc_p.l(uread4.o)
    0x0800033a   0x0800033a   0x00000012   Code   RO         6461    .text               mc_p.l(uwrite4.o)
    0x0800034c   0x0800034c   0x00000070   Code   RO         6463    .text               mc_p.l(strtol.o)
    0x080003bc   0x080003bc   0x0000001a   Code   RO         6465    .text               mc_p.l(atoi.o)
    0x080003d6   0x080003d6   0x0000007a   Code   RO         6467    .text               mf_p.l(fmul.o)
    0x08000450   0x08000450   0x00000164   Code   RO         6469    .text               mf_p.l(dadd.o)
    0x080005b4   0x080005b4   0x000000d0   Code   RO         6471    .text               mf_p.l(dmul.o)
    0x08000684   0x08000684   0x000000f0   Code   RO         6473    .text               mf_p.l(ddiv.o)
    0x08000774   0x08000774   0x0000002c   Code   RO         6475    .text               mf_p.l(dscalb.o)
    0x080007a0   0x080007a0   0x0000000e   Code   RO         6477    .text               mf_p.l(ffltui.o)
    0x080007ae   0x080007ae   0x00000002   PAD
    0x080007b0   0x080007b0   0x00000028   Code   RO         6479    .text               mf_p.l(dflti.o)
    0x080007d8   0x080007d8   0x0000001c   Code   RO         6481    .text               mf_p.l(dfltui.o)
    0x080007f4   0x080007f4   0x00000028   Code   RO         6483    .text               mf_p.l(ffixui.o)
    0x0800081c   0x0800081c   0x00000048   Code   RO         6485    .text               mf_p.l(dfixi.o)
    0x08000864   0x08000864   0x0000003c   Code   RO         6487    .text               mf_p.l(dfixui.o)
    0x080008a0   0x080008a0   0x00000028   Code   RO         6489    .text               mf_p.l(f2d.o)
    0x080008c8   0x080008c8   0x00000028   Code   RO         6491    .text               mf_p.l(cdcmple.o)
    0x080008f0   0x080008f0   0x00000038   Code   RO         6493    .text               mf_p.l(d2f.o)
    0x08000928   0x08000928   0x00000060   Code   RO         6510    .text               mc_p.l(uldiv.o)
    0x08000988   0x08000988   0x00000020   Code   RO         6512    .text               mc_p.l(llshl.o)
    0x080009a8   0x080009a8   0x00000026   Code   RO         6514    .text               mc_p.l(llsshr.o)
    0x080009ce   0x080009ce   0x00000002   PAD
    0x080009d0   0x080009d0   0x00000008   Code   RO         6516    .text               mc_p.l(ctype_o.o)
    0x080009d8   0x080009d8   0x00000012   Code   RO         6538    .text               mc_p.l(isspace_o.o)
    0x080009ea   0x080009ea   0x00000002   PAD
    0x080009ec   0x080009ec   0x00000074   Code   RO         6547    .text               mc_p.l(localtime_i.o)
    0x08000a60   0x08000a60   0x000000a6   Code   RO         6559    .text               mc_p.l(_strtoul.o)
    0x08000b06   0x08000b06   0x00000002   PAD
    0x08000b08   0x08000b08   0x000000a4   Code   RO         6561    .text               mc_p.l(strtod.o)
    0x08000bac   0x08000bac   0x00000000   Code   RO         6563    .text               mc_p.l(iusefp.o)
    0x08000bac   0x08000bac   0x00000082   Code   RO         6564    .text               mf_p.l(fepilogue.o)
    0x08000c2e   0x08000c2e   0x000000be   Code   RO         6566    .text               mf_p.l(depilogue.o)
    0x08000cec   0x08000cec   0x00000040   Code   RO         6570    .text               mf_p.l(dfixul.o)
    0x08000d2c   0x08000d2c   0x00000028   Code   RO         6572    .text               mf_p.l(cdrcmple.o)
    0x08000d54   0x08000d54   0x00000024   Code   RO         6574    .text               mc_p.l(init.o)
    0x08000d78   0x08000d78   0x0000001e   Code   RO         6578    .text               mc_p.l(_chval.o)
    0x08000d96   0x08000d96   0x00000002   PAD
    0x08000d98   0x08000d98   0x00000374   Code   RO         6580    .text               mc_p.l(scanf_fp.o)
    0x0800110c   0x0800110c   0x00000044   Code   RO         6584    .text               mc_p.l(_sgetc.o)
    0x08001150   0x08001150   0x0000007a   Code   RO         6586    .text               mc_p.l(llmul.o)
    0x080011ca   0x080011ca   0x00000002   PAD
    0x080011cc   0x080011cc   0x0000001c   Code   RO         6591    .text               mf_p.l(dfltul.o)
    0x080011e8   0x080011e8   0x00000056   Code   RO         6601    .text               mc_p.l(__dczerorl2.o)
    0x0800123e   0x0800123e   0x0000006c   Code   RO         2205    i.ADC_DMAConvCplt   stm32f0xx_hal_adc.o
    0x080012aa   0x080012aa   0x0000001a   Code   RO         2206    i.ADC_DMAError      stm32f0xx_hal_adc.o
    0x080012c4   0x080012c4   0x0000000a   Code   RO         2207    i.ADC_DMAHalfConvCplt  stm32f0xx_hal_adc.o
    0x080012ce   0x080012ce   0x00000002   PAD
    0x080012d0   0x080012d0   0x00000084   Code   RO         2209    i.ADC_Enable        stm32f0xx_hal_adc.o
    0x08001354   0x08001354   0x00000010   Code   RO            3    i.DMA1_Channel1_IRQHandler  stm32f0xx_it.o
    0x08001364   0x08001364   0x00000024   Code   RO         4143    i.DMA_CalcBaseAndBitshift  stm32f0xx_hal_dma.o
    0x08001388   0x08001388   0x00000028   Code   RO         4144    i.DMA_SetConfig     stm32f0xx_hal_dma.o
    0x080013b0   0x080013b0   0x00000018   Code   RO            4    i.EXTI4_15_IRQHandler  stm32f0xx_it.o
    0x080013c8   0x080013c8   0x00000028   Code   RO         5090    i.GetATIndex        iot_hub.o
    0x080013f0   0x080013f0   0x0000002e   Code   RO         5091    i.GetComma          iot_hub.o
    0x0800141e   0x0800141e   0x00000002   PAD
    0x08001420   0x08001420   0x00000050   Code   RO         6013    i.GetTimeStamp      bt_app.o
    0x08001470   0x08001470   0x0000002e   Code   RO         5093    i.Get_Char_Pos      iot_hub.o
    0x0800149e   0x0800149e   0x000000b0   Code   RO         2380    i.HAL_ADCEx_Calibration_Start  stm32f0xx_hal_adc_ex.o
    0x0800154e   0x0800154e   0x00000002   PAD
    0x08001550   0x08001550   0x00000110   Code   RO         2211    i.HAL_ADC_ConfigChannel  stm32f0xx_hal_adc.o
    0x08001660   0x08001660   0x00000002   Code   RO         2212    i.HAL_ADC_ConvCpltCallback  stm32f0xx_hal_adc.o
    0x08001662   0x08001662   0x00000002   Code   RO         2213    i.HAL_ADC_ConvHalfCpltCallback  stm32f0xx_hal_adc.o
    0x08001664   0x08001664   0x00000002   Code   RO         2215    i.HAL_ADC_ErrorCallback  stm32f0xx_hal_adc.o
    0x08001666   0x08001666   0x00000002   PAD
    0x08001668   0x08001668   0x00000174   Code   RO         2220    i.HAL_ADC_Init      stm32f0xx_hal_adc.o
    0x080017dc   0x080017dc   0x000000a8   Code   RO          435    i.HAL_ADC_MspInit   stm32f0xx_hal_msp.o
    0x08001884   0x08001884   0x000000a0   Code   RO         2227    i.HAL_ADC_Start_DMA  stm32f0xx_hal_adc.o
    0x08001924   0x08001924   0x00000048   Code   RO         4146    i.HAL_DMA_Abort_IT  stm32f0xx_hal_dma.o
    0x0800196c   0x0800196c   0x0000009c   Code   RO         4150    i.HAL_DMA_IRQHandler  stm32f0xx_hal_dma.o
    0x08001a08   0x08001a08   0x00000058   Code   RO         4151    i.HAL_DMA_Init      stm32f0xx_hal_dma.o
    0x08001a60   0x08001a60   0x0000006a   Code   RO         4155    i.HAL_DMA_Start_IT  stm32f0xx_hal_dma.o
    0x08001aca   0x08001aca   0x0000001c   Code   RO         3070    i.HAL_Delay         stm32f0xx_hal.o
    0x08001ae6   0x08001ae6   0x00000002   PAD
    0x08001ae8   0x08001ae8   0x00000060   Code   RO         4908    i.HAL_GPIO_EXTI_Callback  exti.o
    0x08001b48   0x08001b48   0x00000018   Code   RO         1791    i.HAL_GPIO_EXTI_IRQHandler  stm32f0xx_hal_gpio.o
    0x08001b60   0x08001b60   0x00000148   Code   RO         1792    i.HAL_GPIO_Init     stm32f0xx_hal_gpio.o
    0x08001ca8   0x08001ca8   0x0000000a   Code   RO         1794    i.HAL_GPIO_ReadPin  stm32f0xx_hal_gpio.o
    0x08001cb2   0x08001cb2   0x0000000c   Code   RO         1796    i.HAL_GPIO_WritePin  stm32f0xx_hal_gpio.o
    0x08001cbe   0x08001cbe   0x00000002   PAD
    0x08001cc0   0x08001cc0   0x0000000c   Code   RO         3074    i.HAL_GetTick       stm32f0xx_hal.o
    0x08001ccc   0x08001ccc   0x0000004a   Code   RO         4239    i.HAL_I2CEx_ConfigAnalogFilter  stm32f0xx_hal_i2c_ex.o
    0x08001d16   0x08001d16   0x00000048   Code   RO         4240    i.HAL_I2CEx_ConfigDigitalFilter  stm32f0xx_hal_i2c_ex.o
    0x08001d5e   0x08001d5e   0x00000002   PAD
    0x08001d60   0x08001d60   0x000000b4   Code   RO         3730    i.HAL_I2C_Init      stm32f0xx_hal_i2c.o
    0x08001e14   0x08001e14   0x00000158   Code   RO         3746    i.HAL_I2C_Mem_Read  stm32f0xx_hal_i2c.o
    0x08001f6c   0x08001f6c   0x00000154   Code   RO         3749    i.HAL_I2C_Mem_Write  stm32f0xx_hal_i2c.o
    0x080020c0   0x080020c0   0x00000048   Code   RO          437    i.HAL_I2C_MspInit   stm32f0xx_hal_msp.o
    0x08002108   0x08002108   0x00000064   Code   RO         4706    i.HAL_IWDG_Init     stm32f0xx_hal_iwdg.o
    0x0800216c   0x0800216c   0x00000010   Code   RO         4707    i.HAL_IWDG_Refresh  stm32f0xx_hal_iwdg.o
    0x0800217c   0x0800217c   0x00000010   Code   RO         3078    i.HAL_IncTick       stm32f0xx_hal.o
    0x0800218c   0x0800218c   0x00000020   Code   RO         3079    i.HAL_Init          stm32f0xx_hal.o
    0x080021ac   0x080021ac   0x00000078   Code   RO          515    i.HAL_InitTick      stm32f0xx_hal_timebase_tim.o
    0x08002224   0x08002224   0x00000038   Code   RO          438    i.HAL_MspInit       stm32f0xx_hal_msp.o
    0x0800225c   0x0800225c   0x00000014   Code   RO         4279    i.HAL_NVIC_EnableIRQ  stm32f0xx_hal_cortex.o
    0x08002270   0x08002270   0x00000008   Code   RO         4283    i.HAL_NVIC_SetPriority  stm32f0xx_hal_cortex.o
    0x08002278   0x08002278   0x0000001c   Code   RO         4284    i.HAL_NVIC_SystemReset  stm32f0xx_hal_cortex.o
    0x08002294   0x08002294   0x000000ec   Code   RO         2174    i.HAL_RCCEx_PeriphCLKConfig  stm32f0xx_hal_rcc_ex.o
    0x08002380   0x08002380   0x0000012c   Code   RO         1698    i.HAL_RCC_ClockConfig  stm32f0xx_hal_rcc.o
    0x080024ac   0x080024ac   0x00000038   Code   RO         1702    i.HAL_RCC_GetClockConfig  stm32f0xx_hal_rcc.o
    0x080024e4   0x080024e4   0x0000000c   Code   RO         1703    i.HAL_RCC_GetHCLKFreq  stm32f0xx_hal_rcc.o
    0x080024f0   0x080024f0   0x00000020   Code   RO         1705    i.HAL_RCC_GetPCLK1Freq  stm32f0xx_hal_rcc.o
    0x08002510   0x08002510   0x00000070   Code   RO         1706    i.HAL_RCC_GetSysClockFreq  stm32f0xx_hal_rcc.o
    0x08002580   0x08002580   0x00000368   Code   RO         1709    i.HAL_RCC_OscConfig  stm32f0xx_hal_rcc.o
    0x080028e8   0x080028e8   0x00000044   Code   RO         4390    i.HAL_RTC_GetDate   stm32f0xx_hal_rtc.o
    0x0800292c   0x0800292c   0x0000005c   Code   RO         4392    i.HAL_RTC_GetTime   stm32f0xx_hal_rtc.o
    0x08002988   0x08002988   0x000000b4   Code   RO         4393    i.HAL_RTC_Init      stm32f0xx_hal_rtc.o
    0x08002a3c   0x08002a3c   0x00000020   Code   RO          440    i.HAL_RTC_MspInit   stm32f0xx_hal_msp.o
    0x08002a5c   0x08002a5c   0x000000c8   Code   RO         4399    i.HAL_RTC_SetDate   stm32f0xx_hal_rtc.o
    0x08002b24   0x08002b24   0x000000e4   Code   RO         4400    i.HAL_RTC_SetTime   stm32f0xx_hal_rtc.o
    0x08002c08   0x08002c08   0x00000034   Code   RO         4401    i.HAL_RTC_WaitForSynchro  stm32f0xx_hal_rtc.o
    0x08002c3c   0x08002c3c   0x00000018   Code   RO         4285    i.HAL_SYSTICK_CLKSourceConfig  stm32f0xx_hal_cortex.o
    0x08002c54   0x08002c54   0x00000030   Code   RO         4287    i.HAL_SYSTICK_Config  stm32f0xx_hal_cortex.o
    0x08002c84   0x08002c84   0x00000002   Code   RO         1937    i.HAL_TIMEx_BreakCallback  stm32f0xx_hal_tim_ex.o
    0x08002c86   0x08002c86   0x00000002   Code   RO         1938    i.HAL_TIMEx_CommutationCallback  stm32f0xx_hal_tim_ex.o
    0x08002c88   0x08002c88   0x00000048   Code   RO         1954    i.HAL_TIMEx_MasterConfigSynchronization  stm32f0xx_hal_tim_ex.o
    0x08002cd0   0x08002cd0   0x00000034   Code   RO         2402    i.HAL_TIM_Base_Init  stm32f0xx_hal_tim.o
    0x08002d04   0x08002d04   0x00000074   Code   RO          442    i.HAL_TIM_Base_MspInit  stm32f0xx_hal_msp.o
    0x08002d78   0x08002d78   0x00000016   Code   RO         2407    i.HAL_TIM_Base_Start_IT  stm32f0xx_hal_tim.o
    0x08002d8e   0x08002d8e   0x000000ec   Code   RO         2411    i.HAL_TIM_ConfigClockSource  stm32f0xx_hal_tim.o
    0x08002e7a   0x08002e7a   0x00000002   Code   RO         2433    i.HAL_TIM_IC_CaptureCallback  stm32f0xx_hal_tim.o
    0x08002e7c   0x08002e7c   0x00000162   Code   RO         2446    i.HAL_TIM_IRQHandler  stm32f0xx_hal_tim.o
    0x08002fde   0x08002fde   0x00000002   Code   RO         2449    i.HAL_TIM_OC_DelayElapsedCallback  stm32f0xx_hal_tim.o
    0x08002fe0   0x08002fe0   0x00000002   Code   RO         2476    i.HAL_TIM_PWM_PulseFinishedCallback  stm32f0xx_hal_tim.o
    0x08002fe2   0x08002fe2   0x00000002   PAD
    0x08002fe4   0x08002fe4   0x00000178   Code   RO          281    i.HAL_TIM_PeriodElapsedCallback  main.o
    0x0800315c   0x0800315c   0x00000002   Code   RO         2487    i.HAL_TIM_TriggerCallback  stm32f0xx_hal_tim.o
    0x0800315e   0x0800315e   0x00000002   Code   RO         3402    i.HAL_UART_ErrorCallback  stm32f0xx_hal_uart.o
    0x08003160   0x08003160   0x00000114   Code   RO         3405    i.HAL_UART_IRQHandler  stm32f0xx_hal_uart.o
    0x08003274   0x08003274   0x0000006c   Code   RO         3406    i.HAL_UART_Init     stm32f0xx_hal_uart.o
    0x080032e0   0x080032e0   0x000000d0   Code   RO          444    i.HAL_UART_MspInit  stm32f0xx_hal_msp.o
    0x080033b0   0x080033b0   0x00000098   Code   RO         3411    i.HAL_UART_Receive_IT  stm32f0xx_hal_uart.o
    0x08003448   0x08003448   0x000000b8   Code   RO          282    i.HAL_UART_RxCpltCallback  main.o
    0x08003500   0x08003500   0x000000c8   Code   RO         3414    i.HAL_UART_Transmit  stm32f0xx_hal_uart.o
    0x080035c8   0x080035c8   0x00000002   Code   RO         3417    i.HAL_UART_TxCpltCallback  stm32f0xx_hal_uart.o
    0x080035ca   0x080035ca   0x00000002   Code   RO            5    i.HardFault_Handler  stm32f0xx_it.o
    0x080035cc   0x080035cc   0x00000022   Code   RO         3772    i.I2C_Flush_TXDR    stm32f0xx_hal_i2c.o
    0x080035ee   0x080035ee   0x00000002   PAD
    0x080035f0   0x080035f0   0x00000074   Code   RO         3780    i.I2C_IsAcknowledgeFailed  stm32f0xx_hal_i2c.o
    0x08003664   0x08003664   0x0000006a   Code   RO         3783    i.I2C_RequestMemoryRead  stm32f0xx_hal_i2c.o
    0x080036ce   0x080036ce   0x0000006a   Code   RO         3784    i.I2C_RequestMemoryWrite  stm32f0xx_hal_i2c.o
    0x08003738   0x08003738   0x00000024   Code   RO         3787    i.I2C_TransferConfig  stm32f0xx_hal_i2c.o
    0x0800375c   0x0800375c   0x00000048   Code   RO         3788    i.I2C_WaitOnFlagUntilTimeout  stm32f0xx_hal_i2c.o
    0x080037a4   0x080037a4   0x0000004e   Code   RO         3790    i.I2C_WaitOnSTOPFlagUntilTimeout  stm32f0xx_hal_i2c.o
    0x080037f2   0x080037f2   0x00000052   Code   RO         3791    i.I2C_WaitOnTXISFlagUntilTimeout  stm32f0xx_hal_i2c.o
    0x08003844   0x08003844   0x0000001a   Code   RO         5006    i.InitCircleQueue   queen.o
    0x0800385e   0x0800385e   0x00000010   Code   RO         5007    i.IsQueueEmpty      queen.o
    0x0800386e   0x0800386e   0x0000001e   Code   RO         5008    i.IsQueueFull       queen.o
    0x0800388c   0x0800388c   0x0000003c   Code   RO         5095    i.MODULE_PWRON      iot_hub.o
    0x080038c8   0x080038c8   0x0000003c   Code   RO         5096    i.MODULE_RST        iot_hub.o
    0x08003904   0x08003904   0x0000005c   Code   RO          283    i.MX_ADC_Init       main.o
    0x08003960   0x08003960   0x00000100   Code   RO          284    i.MX_GPIO_Init      main.o
    0x08003a60   0x08003a60   0x00000054   Code   RO          285    i.MX_I2C1_Init      main.o
    0x08003ab4   0x08003ab4   0x00000070   Code   RO          286    i.MX_RTC_Init       main.o
    0x08003b24   0x08003b24   0x00000058   Code   RO          287    i.MX_TIM1_Init      main.o
    0x08003b7c   0x08003b7c   0x00000060   Code   RO          288    i.MX_TIM3_Init      main.o
    0x08003bdc   0x08003bdc   0x00000044   Code   RO          289    i.MX_USART1_UART_Init  main.o
    0x08003c20   0x08003c20   0x00000038   Code   RO          290    i.MX_USART2_UART_Init  main.o
    0x08003c58   0x08003c58   0x00000038   Code   RO          291    i.MX_USART3_UART_Init  main.o
    0x08003c90   0x08003c90   0x00000002   Code   RO            6    i.NMI_Handler       stm32f0xx_it.o
    0x08003c92   0x08003c92   0x00000002   PAD
    0x08003c94   0x08003c94   0x00000044   Code   RO         4289    i.NVIC_SetPriority  stm32f0xx_hal_cortex.o
    0x08003cd8   0x08003cd8   0x0000007c   Code   RO         5456    i.PopATcmd          protocol.o
    0x08003d54   0x08003d54   0x00000040   Code   RO         5009    i.PopElement        queen.o
    0x08003d94   0x08003d94   0x00000066   Code   RO         5010    i.PushElement       queen.o
    0x08003dfa   0x08003dfa   0x00000010   Code   RO         4402    i.RTC_Bcd2ToByte    stm32f0xx_hal_rtc.o
    0x08003e0a   0x08003e0a   0x00000016   Code   RO         4403    i.RTC_ByteToBcd2    stm32f0xx_hal_rtc.o
    0x08003e20   0x08003e20   0x00000038   Code   RO         4404    i.RTC_EnterInitMode  stm32f0xx_hal_rtc.o
    0x08003e58   0x08003e58   0x00000002   Code   RO          980    i.SVC_Handler       port.o
    0x08003e5a   0x08003e5a   0x00000002   PAD
    0x08003e5c   0x08003e5c   0x000000a8   Code   RO         5099    i.Send_AT_Command   iot_hub.o
    0x08003f04   0x08003f04   0x00000020   Code   RO         5100    i.Send_AT_Command_Timeout  iot_hub.o
    0x08003f24   0x08003f24   0x0000004c   Code   RO         5101    i.Send_AT_Command_ext  iot_hub.o
    0x08003f70   0x08003f70   0x0000003c   Code   RO          292    i.StartDefaultTask  main.o
    0x08003fac   0x08003fac   0x000000ac   Code   RO          293    i.StartTask02       main.o
    0x08004058   0x08004058   0x00000008   Code   RO            7    i.SysTick_Handler   stm32f0xx_it.o
    0x08004060   0x08004060   0x0000008c   Code   RO          294    i.SystemClock_Config  main.o
    0x080040ec   0x080040ec   0x0000005c   Code   RO         6105    i.SystemInit        system_stm32f0xx.o
    0x08004148   0x08004148   0x00000010   Code   RO            8    i.TIM14_IRQHandler  stm32f0xx_it.o
    0x08004158   0x08004158   0x00000010   Code   RO            9    i.TIM3_IRQHandler   stm32f0xx_it.o
    0x08004168   0x08004168   0x00000010   Code   RO           10    i.TIM6_IRQHandler   stm32f0xx_it.o
    0x08004178   0x08004178   0x00000088   Code   RO         2488    i.TIM_Base_SetConfig  stm32f0xx_hal_tim.o
    0x08004200   0x08004200   0x00000016   Code   RO         2495    i.TIM_ETR_SetConfig  stm32f0xx_hal_tim.o
    0x08004216   0x08004216   0x00000010   Code   RO         2496    i.TIM_ITRx_SetConfig  stm32f0xx_hal_tim.o
    0x08004226   0x08004226   0x00000022   Code   RO         2502    i.TIM_TI1_ConfigInputStage  stm32f0xx_hal_tim.o
    0x08004248   0x08004248   0x00000026   Code   RO         2504    i.TIM_TI2_ConfigInputStage  stm32f0xx_hal_tim.o
    0x0800426e   0x0800426e   0x000000ca   Code   RO         3419    i.UART_AdvFeatureConfig  stm32f0xx_hal_uart.o
    0x08004338   0x08004338   0x00000012   Code   RO         3420    i.UART_CheckIdleState  stm32f0xx_hal_uart.o
    0x0800434a   0x0800434a   0x00000014   Code   RO         3421    i.UART_DMAAbortOnError  stm32f0xx_hal_uart.o
    0x0800435e   0x0800435e   0x0000001e   Code   RO         3431    i.UART_EndRxTransfer  stm32f0xx_hal_uart.o
    0x0800437c   0x0800437c   0x0000001a   Code   RO         3432    i.UART_EndTransmit_IT  stm32f0xx_hal_uart.o
    0x08004396   0x08004396   0x0000007c   Code   RO         3434    i.UART_Receive_IT   stm32f0xx_hal_uart.o
    0x08004412   0x08004412   0x00000002   PAD
    0x08004414   0x08004414   0x00000158   Code   RO         3435    i.UART_SetConfig    stm32f0xx_hal_uart.o
    0x0800456c   0x0800456c   0x00000066   Code   RO         3436    i.UART_Transmit_IT  stm32f0xx_hal_uart.o
    0x080045d2   0x080045d2   0x00000060   Code   RO         3437    i.UART_WaitOnFlagUntilTimeout  stm32f0xx_hal_uart.o
    0x08004632   0x08004632   0x00000002   PAD
    0x08004634   0x08004634   0x00000010   Code   RO           11    i.USART1_IRQHandler  stm32f0xx_it.o
    0x08004644   0x08004644   0x00000010   Code   RO           12    i.USART2_IRQHandler  stm32f0xx_it.o
    0x08004654   0x08004654   0x00000010   Code   RO           13    i.USART3_6_IRQHandler  stm32f0xx_it.o
    0x08004664   0x08004664   0x00000002   Code   RO          295    i._Error_Handler    main.o
    0x08004666   0x08004666   0x00000002   PAD
    0x08004668   0x08004668   0x00000020   Code   RO         6403    i.__0printf         mc_p.l(printfa.o)
    0x08004688   0x08004688   0x00000028   Code   RO         6405    i.__0sprintf        mc_p.l(printfa.o)
    0x080046b0   0x080046b0   0x0000002e   Code   RO         6568    i.__ARM_clz         mf_p.l(depilogue.o)
    0x080046de   0x080046de   0x0000001a   Code   RO          844    i.__ARM_common_switch8  tasks.o
    0x080046f8   0x080046f8   0x00000008   Code   RO         6552    i.__aeabi_errno_addr  mc_p.l(errno.o)
    0x08004700   0x08004700   0x0000000c   Code   RO         6553    i.__read_errno      mc_p.l(errno.o)
    0x0800470c   0x0800470c   0x0000000e   Code   RO         6595    i.__scatterload_copy  mc_p.l(handlers.o)
    0x0800471a   0x0800471a   0x00000002   Code   RO         6596    i.__scatterload_null  mc_p.l(handlers.o)
    0x0800471c   0x0800471c   0x0000000e   Code   RO         6597    i.__scatterload_zeroinit  mc_p.l(handlers.o)
    0x0800472a   0x0800472a   0x00000002   PAD
    0x0800472c   0x0800472c   0x0000000c   Code   RO         6554    i.__set_errno       mc_p.l(errno.o)
    0x08004738   0x08004738   0x00000174   Code   RO         6410    i._fp_digits        mc_p.l(printfa.o)
    0x080048ac   0x080048ac   0x0000000e   Code   RO         6582    i._is_digit         mc_p.l(scanf_fp.o)
    0x080048ba   0x080048ba   0x00000002   PAD
    0x080048bc   0x080048bc   0x000006ec   Code   RO         6411    i._printf_core      mc_p.l(printfa.o)
    0x08004fa8   0x08004fa8   0x00000020   Code   RO         6412    i._printf_post_padding  mc_p.l(printfa.o)
    0x08004fc8   0x08004fc8   0x0000002c   Code   RO         6413    i._printf_pre_padding  mc_p.l(printfa.o)
    0x08004ff4   0x08004ff4   0x0000000a   Code   RO         6415    i._sputc            mc_p.l(printfa.o)
    0x08004ffe   0x08004ffe   0x00000002   PAD
    0x08005000   0x08005000   0x00000068   Code   RO         5103    i.at_connect_service  iot_hub.o
    0x08005068   0x08005068   0x00000074   Code   RO         5104    i.at_parse_recv     iot_hub.o
    0x080050dc   0x080050dc   0x00000144   Code   RO         5105    i.at_process        iot_hub.o
    0x08005220   0x08005220   0x0000002a   Code   RO         6137    i.atof              m_ps.l(atof.o)
    0x0800524a   0x0800524a   0x00000002   PAD
    0x0800524c   0x0800524c   0x00000050   Code   RO         4793    i.battery_lock      gpio.o
    0x0800529c   0x0800529c   0x00000058   Code   RO         6014    i.bt_giveback_package  bt_app.o
    0x080052f4   0x080052f4   0x00000180   Code   RO         6015    i.bt_parse_proc     bt_app.o
    0x08005474   0x08005474   0x00000078   Code   RO         6016    i.bt_prepare_send_data  bt_app.o
    0x080054ec   0x080054ec   0x00000076   Code   RO         6017    i.bt_prepare_send_data_ext  bt_app.o
    0x08005562   0x08005562   0x00000008   Code   RO         6018    i.bt_send           bt_app.o
    0x0800556a   0x0800556a   0x00000032   Code   RO         6019    i.bt_send_data      bt_app.o
    0x0800559c   0x0800559c   0x0000002c   Code   RO         6020    i.bt_unlock         bt_app.o
    0x080055c8   0x080055c8   0x0000009c   Code   RO         5457    i.calibration_time  protocol.o
    0x08005664   0x08005664   0x0000001c   Code   RO         5627    i.check_sharp_zhendong  control_app.o
    0x08005680   0x08005680   0x00000014   Code   RO         5628    i.check_zhendong    control_app.o
    0x08005694   0x08005694   0x00000014   Code   RO         4794    i.close_electric_door  gpio.o
    0x080056a8   0x080056a8   0x0000001e   Code   RO         5106    i.cmpdata           iot_hub.o
    0x080056c6   0x080056c6   0x00000002   PAD
    0x080056c8   0x080056c8   0x00000280   Code   RO         5769    i.control_proc      control_interface.o
    0x08005948   0x08005948   0x00000020   Code   RO         5629    i.convert_csq       control_app.o
    0x08005968   0x08005968   0x00000164   Code   RO         5458    i.convert_gps_data_for_protocol  protocol.o
    0x08005acc   0x08005acc   0x0000001a   Code   RO         4937    i.delay_us          voice.o
    0x08005ae6   0x08005ae6   0x00000002   PAD
    0x08005ae8   0x08005ae8   0x00000018   Code   RO         4732    i.fputc             usart.o
    0x08005b00   0x08005b00   0x00000054   Code   RO         6431    i.free              mc_p.l(malloc.o)
    0x08005b54   0x08005b54   0x00000038   Code   RO         5630    i.gb_speed_process  control_app.o
    0x08005b8c   0x08005b8c   0x00000078   Code   RO         5631    i.getPerimeter      control_app.o
    0x08005c04   0x08005c04   0x00000016   Code   RO         5632    i.get_bat_connect_status  control_app.o
    0x08005c1a   0x08005c1a   0x00000002   PAD
    0x08005c1c   0x08005c1c   0x00000064   Code   RO         4884    i.get_bat_vol       adc.o
    0x08005c80   0x08005c80   0x00000030   Code   RO         5459    i.get_crc16         protocol.o
    0x08005cb0   0x08005cb0   0x0000002c   Code   RO         5110    i.get_double_number  iot_hub.o
    0x08005cdc   0x08005cdc   0x00000284   Code   RO         5633    i.get_ebike_data    control_app.o
    0x08005f60   0x08005f60   0x0000000c   Code   RO         5634    i.get_electric_gate_status  control_app.o
    0x08005f6c   0x08005f6c   0x0000003c   Code   RO         5635    i.get_hall_for_speed  control_app.o
    0x08005fa8   0x08005fa8   0x00000038   Code   RO         5111    i.get_imei          iot_hub.o
    0x08005fe0   0x08005fe0   0x00000008   Code   RO         5112    i.get_imsi          iot_hub.o
    0x08005fe8   0x08005fe8   0x00000044   Code   RO         5113    i.get_locate        iot_hub.o
    0x0800602c   0x0800602c   0x00000030   Code   RO         5115    i.get_uart_data     iot_hub.o
    0x0800605c   0x0800605c   0x00000018   Code   RO         5117    i.get_used_sat      iot_hub.o
    0x08006074   0x08006074   0x00000014   Code   RO         5460    i.get_work_state    protocol.o
    0x08006088   0x08006088   0x0000000c   Code   RO         5118    i.gnss_init         iot_hub.o
    0x08006094   0x08006094   0x0000002c   Code   RO         5636    i.gprs_unlock       control_app.o
    0x080060c0   0x080060c0   0x00000054   Code   RO         4797    i.gps_led_process   gpio.o
    0x08006114   0x08006114   0x00000060   Code   RO         4798    i.gsm_led_process   gpio.o
    0x08006174   0x08006174   0x0000004c   Code   RO         5461    i.hex_convert_str   protocol.o
    0x080061c0   0x080061c0   0x00000062   Code   RO         5462    i.hex_str_2_bytes   protocol.o
    0x08006222   0x08006222   0x00000002   PAD
    0x08006224   0x08006224   0x00000110   Code   RO         5637    i.init_flash        control_app.o
    0x08006334   0x08006334   0x00000010   Code   RO         5464    i.kfd_get_sn        protocol.o
    0x08006344   0x08006344   0x00000014   Code   RO         5465    i.kfd_lat_long_convert  protocol.o
    0x08006358   0x08006358   0x00000054   Code   RO         5639    i.lock_bike         control_app.o
    0x080063ac   0x080063ac   0x000000e8   Code   RO          296    i.main              main.o
    0x08006494   0x08006494   0x0000000c   Code   RO         1337    i.makeFreeRtosPriority  cmsis_os.o
    0x080064a0   0x080064a0   0x0000006c   Code   RO         6432    i.malloc            mc_p.l(malloc.o)
    0x0800650c   0x0800650c   0x00000184   Code   RO         5772    i.modify_service_address  control_interface.o
    0x08006690   0x08006690   0x000000b8   Code   RO         5120    i.module_init       iot_hub.o
    0x08006748   0x08006748   0x00000070   Code   RO         4799    i.motor_lock_bike   gpio.o
    0x080067b8   0x080067b8   0x00000044   Code   RO         5640    i.motorlock_process  control_app.o
    0x080067fc   0x080067fc   0x00000016   Code   RO         5014    i.mymemcpy          queen.o
    0x08006812   0x08006812   0x00000002   PAD
    0x08006814   0x08006814   0x0000000c   Code   RO         5641    i.open_dianchi_lock  control_app.o
    0x08006820   0x08006820   0x00000014   Code   RO         4800    i.open_electric_door  gpio.o
    0x08006834   0x08006834   0x00000016   Code   RO         1339    i.osDelay           cmsis_os.o
    0x0800684a   0x0800684a   0x0000000a   Code   RO         1342    i.osKernelStart     cmsis_os.o
    0x08006854   0x08006854   0x00000010   Code   RO         1375    i.osSystickHandler  cmsis_os.o
    0x08006864   0x08006864   0x0000002e   Code   RO         1376    i.osThreadCreate    cmsis_os.o
    0x08006892   0x08006892   0x00000002   PAD
    0x08006894   0x08006894   0x00000244   Code   RO         5121    i.parse_another_cmd  iot_hub.o
    0x08006ad8   0x08006ad8   0x00000124   Code   RO         6022    i.parse_bt_cmd      bt_app.o
    0x08006bfc   0x08006bfc   0x0000005c   Code   RO         5122    i.parse_cell_location_cmd  iot_hub.o
    0x08006c58   0x08006c58   0x00000180   Code   RO         5773    i.parse_control_cmd  control_interface.o
    0x08006dd8   0x08006dd8   0x00000060   Code   RO         5123    i.parse_csq_cmd     iot_hub.o
    0x08006e38   0x08006e38   0x0000001a   Code   RO         5466    i.parse_dev_data    protocol.o
    0x08006e52   0x08006e52   0x00000002   PAD
    0x08006e54   0x08006e54   0x00000074   Code   RO         5125    i.parse_gnss_pkg    iot_hub.o
    0x08006ec8   0x08006ec8   0x000001b0   Code   RO         5126    i.parse_gps_data    iot_hub.o
    0x08007078   0x08007078   0x0000004c   Code   RO         5127    i.parse_imei_cmd    iot_hub.o
    0x080070c4   0x080070c4   0x0000004c   Code   RO         5128    i.parse_imsi_cmd    iot_hub.o
    0x08007110   0x08007110   0x00000050   Code   RO         5642    i.parse_imsi_package  control_app.o
    0x08007160   0x08007160   0x000002fc   Code   RO         5643    i.parse_network_cmd  control_app.o
    0x0800745c   0x0800745c   0x00000084   Code   RO         5130    i.parse_package_type  iot_hub.o
    0x080074e0   0x080074e0   0x000000bc   Code   RO         5467    i.protocol_parse    protocol.o
    0x0800759c   0x0800759c   0x000001c4   Code   RO         5468    i.protocol_proc     protocol.o
    0x08007760   0x08007760   0x00000058   Code   RO          566    i.prvAddCurrentTaskToDelayedList  tasks.o
    0x080077b8   0x080077b8   0x000000b8   Code   RO          567    i.prvAddNewTaskToReadyList  tasks.o
    0x08007870   0x08007870   0x00000050   Code   RO         1230    i.prvCheckForValidListAndQueue  timers.o
    0x080078c0   0x080078c0   0x00000058   Code   RO          568    i.prvCheckTasksWaitingTermination  tasks.o
    0x08007918   0x08007918   0x00000026   Code   RO         1087    i.prvCopyDataFromQueue  queue.o
    0x0800793e   0x0800793e   0x00000070   Code   RO         1088    i.prvCopyDataToQueue  queue.o
    0x080079ae   0x080079ae   0x00000012   Code   RO          569    i.prvDeleteTCB      tasks.o
    0x080079c0   0x080079c0   0x00000048   Code   RO          930    i.prvHeapInit       heap_4.o
    0x08007a08   0x08007a08   0x0000001c   Code   RO          570    i.prvIdleTask       tasks.o
    0x08007a24   0x08007a24   0x0000007c   Code   RO          571    i.prvInitialiseNewTask  tasks.o
    0x08007aa0   0x08007aa0   0x0000004c   Code   RO          931    i.prvInsertBlockIntoFreeList  heap_4.o
    0x08007aec   0x08007aec   0x00000038   Code   RO         1231    i.prvInsertTimerInActiveList  timers.o
    0x08007b24   0x08007b24   0x0000001c   Code   RO         1089    i.prvIsQueueEmpty   queue.o
    0x08007b40   0x08007b40   0x000000a8   Code   RO         1232    i.prvProcessReceivedCommands  timers.o
    0x08007be8   0x08007be8   0x0000009c   Code   RO         1233    i.prvProcessTimerOrBlockTask  timers.o
    0x08007c84   0x08007c84   0x00000020   Code   RO          572    i.prvResetNextTaskUnblockTime  tasks.o
    0x08007ca4   0x08007ca4   0x00000028   Code   RO         1234    i.prvSampleTimeNow  timers.o
    0x08007ccc   0x08007ccc   0x00000060   Code   RO         1235    i.prvSwitchTimerLists  timers.o
    0x08007d2c   0x08007d2c   0x00000014   Code   RO          981    i.prvTaskExitError  port.o
    0x08007d40   0x08007d40   0x0000002c   Code   RO         1236    i.prvTimerTask      timers.o
    0x08007d6c   0x08007d6c   0x00000070   Code   RO         1090    i.prvUnlockQueue    queue.o
    0x08007ddc   0x08007ddc   0x00000038   Code   RO         5131    i.pure_uart1_buf    iot_hub.o
    0x08007e14   0x08007e14   0x00000134   Code   RO         5469    i.push_interval_package_process  protocol.o
    0x08007f48   0x08007f48   0x000000b0   Code   RO          932    i.pvPortMalloc      heap_4.o
    0x08007ff8   0x08007ff8   0x00000018   Code   RO          574    i.pvTaskIncrementMutexHeldCount  tasks.o
    0x08008010   0x08008010   0x00000020   Code   RO          982    i.pxPortInitialiseStack  port.o
    0x08008030   0x08008030   0x000000a4   Code   RO         6023    i.read_data         bt_app.o
    0x080080d4   0x080080d4   0x00000024   Code   RO         4972    i.read_flash        flash.o
    0x080080f8   0x080080f8   0x00000008   Code   RO         4801    i.reset_system      gpio.o
    0x08008100   0x08008100   0x00000090   Code   RO         5132    i.send_data         iot_hub.o
    0x08008190   0x08008190   0x00000014   Code   RO         6024    i.send_error_cmd    bt_app.o
    0x080081a4   0x080081a4   0x0000000a   Code   RO         5133    i.send_gps_QGPSLOC_cmd  iot_hub.o
    0x080081ae   0x080081ae   0x00000012   Code   RO         6025    i.send_ok_cmd       bt_app.o
    0x080081c0   0x080081c0   0x000000f4   Code   RO         5470    i.send_package      protocol.o
    0x080082b4   0x080082b4   0x00000058   Code   RO         5644    i.shake_process     control_app.o
    0x0800830c   0x0800830c   0x0000018c   Code   RO         5136    i.split_diff_type   iot_hub.o
    0x08008498   0x08008498   0x0000006c   Code   RO         4802    i.tangze_lock_bike  gpio.o
    0x08008504   0x08008504   0x0000006c   Code   RO         4803    i.tangze_unlock_bike  gpio.o
    0x08008570   0x08008570   0x0000001c   Code   RO         5830    i.test_a_led        factory_test.o
    0x0800858c   0x0800858c   0x0000005c   Code   RO         5831    i.test_adc          factory_test.o
    0x080085e8   0x080085e8   0x00000068   Code   RO         5832    i.test_again_gps    factory_test.o
    0x08008650   0x08008650   0x0000001c   Code   RO         5833    i.test_b_led        factory_test.o
    0x0800866c   0x0800866c   0x0000001c   Code   RO         5834    i.test_bat_led      factory_test.o
    0x08008688   0x08008688   0x00000010   Code   RO         5835    i.test_bt           factory_test.o
    0x08008698   0x08008698   0x0000009c   Code   RO         5836    i.test_bt_off       factory_test.o
    0x08008734   0x08008734   0x0000001c   Code   RO         5837    i.test_cpin         factory_test.o
    0x08008750   0x08008750   0x0000001c   Code   RO         5838    i.test_dianji_led   factory_test.o
    0x0800876c   0x0800876c   0x0000003c   Code   RO         5839    i.test_dianmen      factory_test.o
    0x080087a8   0x080087a8   0x0000000c   Code   RO         5840    i.test_gps          factory_test.o
    0x080087b4   0x080087b4   0x00000040   Code   RO         5841    i.test_gsm          factory_test.o
    0x080087f4   0x080087f4   0x00000014   Code   RO         5842    i.test_hall         factory_test.o
    0x08008808   0x08008808   0x00000048   Code   RO         5843    i.test_init         factory_test.o
    0x08008850   0x08008850   0x00000030   Code   RO         5844    i.test_key          factory_test.o
    0x08008880   0x08008880   0x00000014   Code   RO         5845    i.test_off_a_led    factory_test.o
    0x08008894   0x08008894   0x00000014   Code   RO         5846    i.test_off_b_led    factory_test.o
    0x080088a8   0x080088a8   0x00000014   Code   RO         5847    i.test_off_bat_led  factory_test.o
    0x080088bc   0x080088bc   0x00000012   Code   RO         5848    i.test_off_dianji_led  factory_test.o
    0x080088ce   0x080088ce   0x00000002   PAD
    0x080088d0   0x080088d0   0x0000001c   Code   RO         5849    i.test_off_dianmen  factory_test.o
    0x080088ec   0x080088ec   0x00000060   Code   RO         5850    i.test_off_gsen     factory_test.o
    0x0800894c   0x0800894c   0x0000005c   Code   RO         5851    i.test_off_hall     factory_test.o
    0x080089a8   0x080089a8   0x00000060   Code   RO         5852    i.test_off_lundong  factory_test.o
    0x08008a08   0x08008a08   0x000000c8   Code   RO         5854    i.test_process      factory_test.o
    0x08008ad0   0x08008ad0   0x00000014   Code   RO         5855    i.test_voice        factory_test.o
    0x08008ae4   0x08008ae4   0x00000040   Code   RO         4733    i.uart1_send        usart.o
    0x08008b24   0x08008b24   0x00000058   Code   RO         4734    i.uart2_process     usart.o
    0x08008b7c   0x08008b7c   0x00000024   Code   RO         4735    i.uart2_send        usart.o
    0x08008ba0   0x08008ba0   0x00000058   Code   RO         4736    i.uart3_process     usart.o
    0x08008bf8   0x08008bf8   0x00000024   Code   RO         4737    i.uart3_send        usart.o
    0x08008c1c   0x08008c1c   0x00000158   Code   RO         5472    i.upload_alarm_package  protocol.o
    0x08008d74   0x08008d74   0x00000058   Code   RO         5473    i.upload_bt_addr_package  protocol.o
    0x08008dcc   0x08008dcc   0x00000040   Code   RO         5474    i.upload_ebike_data_package  protocol.o
    0x08008e0c   0x08008e0c   0x0000014c   Code   RO         5475    i.upload_give_back_package  protocol.o
    0x08008f58   0x08008f58   0x0000017c   Code   RO         5476    i.upload_gps_package  protocol.o
    0x080090d4   0x080090d4   0x00000068   Code   RO         5477    i.upload_hb_package  protocol.o
    0x0800913c   0x0800913c   0x00000064   Code   RO         5478    i.upload_imsi_package  protocol.o
    0x080091a0   0x080091a0   0x00000068   Code   RO         5480    i.upload_login_package  protocol.o
    0x08009208   0x08009208   0x00000060   Code   RO         5481    i.upload_version_package  protocol.o
    0x08009268   0x08009268   0x00000024   Code   RO         1050    i.uxListRemove      list.o
    0x0800928c   0x0800928c   0x00000002   Code   RO          257    i.vApplicationIdleHook  freertos.o
    0x0800928e   0x0800928e   0x00000016   Code   RO         1051    i.vListInitialise   list.o
    0x080092a4   0x080092a4   0x00000006   Code   RO         1052    i.vListInitialiseItem  list.o
    0x080092aa   0x080092aa   0x00000030   Code   RO         1053    i.vListInsert       list.o
    0x080092da   0x080092da   0x00000018   Code   RO         1054    i.vListInsertEnd    list.o
    0x080092f2   0x080092f2   0x00000002   PAD
    0x080092f4   0x080092f4   0x00000018   Code   RO          984    i.vPortEnterCritical  port.o
    0x0800930c   0x0800930c   0x0000001c   Code   RO          985    i.vPortExitCritical  port.o
    0x08009328   0x08009328   0x00000044   Code   RO          933    i.vPortFree         heap_4.o
    0x0800936c   0x0800936c   0x00000020   Code   RO          986    i.vPortSetupTimerInterrupt  port.o
    0x0800938c   0x0800938c   0x00000018   Code   RO          987    i.vPortYield        port.o
    0x080093a4   0x080093a4   0x00000024   Code   RO         1094    i.vQueueAddToRegistry  queue.o
    0x080093c8   0x080093c8   0x00000044   Code   RO         1097    i.vQueueWaitForMessageRestricted  queue.o
    0x0800940c   0x0800940c   0x00000030   Code   RO          580    i.vTaskDelay        tasks.o
    0x0800943c   0x0800943c   0x0000000c   Code   RO          583    i.vTaskMissedYield  tasks.o
    0x08009448   0x08009448   0x00000024   Code   RO          585    i.vTaskPlaceOnEventList  tasks.o
    0x0800946c   0x0800946c   0x00000030   Code   RO          586    i.vTaskPlaceOnEventListRestricted  tasks.o
    0x0800949c   0x0800949c   0x00000064   Code   RO          588    i.vTaskPriorityInherit  tasks.o
    0x08009500   0x08009500   0x00000018   Code   RO          591    i.vTaskSetTimeOutState  tasks.o
    0x08009518   0x08009518   0x00000054   Code   RO          592    i.vTaskStartScheduler  tasks.o
    0x0800956c   0x0800956c   0x00000010   Code   RO          594    i.vTaskSuspendAll   tasks.o
    0x0800957c   0x0800957c   0x00000058   Code   RO          595    i.vTaskSwitchContext  tasks.o
    0x080095d4   0x080095d4   0x0000000c   Code   RO         4938    i.voice_play        voice.o
    0x080095e0   0x080095e0   0x000000a0   Code   RO         4939    i.voice_process     voice.o
    0x08009680   0x08009680   0x0000014c   Code   RO         4973    i.write_flash       flash.o
    0x080097cc   0x080097cc   0x00000030   Code   RO          988    i.xPortStartScheduler  port.o
    0x080097fc   0x080097fc   0x00000024   Code   RO          989    i.xPortSysTickHandler  port.o
    0x08009820   0x08009820   0x0000003e   Code   RO         1099    i.xQueueGenericCreate  queue.o
    0x0800985e   0x0800985e   0x0000013a   Code   RO         1100    i.xQueueGenericReceive  queue.o
    0x08009998   0x08009998   0x0000006e   Code   RO         1101    i.xQueueGenericReset  queue.o
    0x08009a06   0x08009a06   0x0000011e   Code   RO         1102    i.xQueueGenericSend  queue.o
    0x08009b24   0x08009b24   0x0000008c   Code   RO         1103    i.xQueueGenericSendFromISR  queue.o
    0x08009bb0   0x08009bb0   0x00000054   Code   RO          596    i.xTaskCheckForTimeOut  tasks.o
    0x08009c04   0x08009c04   0x0000004e   Code   RO          597    i.xTaskCreate       tasks.o
    0x08009c52   0x08009c52   0x00000002   PAD
    0x08009c54   0x08009c54   0x00000020   Code   RO          601    i.xTaskGetSchedulerState  tasks.o
    0x08009c74   0x08009c74   0x0000000c   Code   RO          602    i.xTaskGetTickCount  tasks.o
    0x08009c80   0x08009c80   0x000000bc   Code   RO          604    i.xTaskIncrementTick  tasks.o
    0x08009d3c   0x08009d3c   0x00000064   Code   RO          607    i.xTaskPriorityDisinherit  tasks.o
    0x08009da0   0x08009da0   0x00000064   Code   RO          608    i.xTaskRemoveFromEventList  tasks.o
    0x08009e04   0x08009e04   0x000000ac   Code   RO          610    i.xTaskResumeAll    tasks.o
    0x08009eb0   0x08009eb0   0x00000040   Code   RO         1240    i.xTimerCreateTimerTask  timers.o
    0x08009ef0   0x08009ef0   0x00000050   Code   RO         1241    i.xTimerGenericCommand  timers.o
    0x08009f40   0x08009f40   0x0000008c   Code   RO         5774    i.zt_controller_send  control_interface.o
    0x08009fcc   0x08009fcc   0x00000024   Code   RO         5645    i.zt_smart_check_gb_speed  control_app.o
    0x08009ff0   0x08009ff0   0x00000014   Code   RO         5646    i.zt_smart_check_hall_is_run  control_app.o
    0x0800a004   0x0800a004   0x00000014   Code   RO         5647    i.zt_smart_check_lundong_is_run  control_app.o
    0x0800a018   0x0800a018   0x00000158   Code   RO         5856    i.zt_test_result    factory_test.o
    0x0800a170   0x0800a170   0x00000028   Data   RO          299    .constdata          main.o
    0x0800a198   0x0800a198   0x00000010   Data   RO         6106    .constdata          system_stm32f0xx.o
    0x0800a1a8   0x0800a1a8   0x00000008   Data   RO         6107    .constdata          system_stm32f0xx.o
    0x0800a1b0   0x0800a1b0   0x0000000c   Data   RO         6152    .constdata          mc_p.l(mktime.o)
    0x0800a1bc   0x0800a1bc   0x00000081   Data   RO         6517    .constdata          mc_p.l(ctype_o.o)
    0x0800a23d   0x0800a23d   0x00000003   PAD
    0x0800a240   0x0800a240   0x00000004   Data   RO         6518    .constdata          mc_p.l(ctype_o.o)
    0x0800a244   0x0800a244   0x0000000c   Data   RO         6548    .constdata          mc_p.l(localtime_i.o)
    0x0800a250   0x0800a250   0x00000018   Data   RO          300    .conststring        main.o
    0x0800a268   0x0800a268   0x000000dc   Data   RO         5649    .conststring        control_app.o
    0x0800a344   0x0800a344   0x00000020   Data   RO         6593    Region$$Table       anon$$obj.o


    Execution Region RW_IRAM1 (Exec base: 0x20000000, Load base: 0x0800a364, Size: 0x00006670, Max: 0x00008000, ABSOLUTE, COMPRESSED[0x00000504])

    Exec Addr    Load Addr    Size         Type   Attr      Idx    E Section Name        Object

    0x20000000   COMPRESSED   0x00000038   Data   RW          301    .data               main.o
    0x20000038   COMPRESSED   0x0000003c   Data   RW          613    .data               tasks.o
    0x20000074   COMPRESSED   0x00000018   Data   RW          938    .data               heap_4.o
    0x2000008c   COMPRESSED   0x00000004   Data   RW          990    .data               port.o
    0x20000090   COMPRESSED   0x00000014   Data   RW         1247    .data               timers.o
    0x200000a4   COMPRESSED   0x00000004   Data   RW         3085    .data               stm32f0xx_hal.o
    0x200000a8   COMPRESSED   0x00000004   Data   RW         4739    .data               usart.o
    0x200000ac   COMPRESSED   0x00000018   Data   RW         4806    .data               gpio.o
    0x200000c4   COMPRESSED   0x00000001   Data   RW         4807    .data               gpio.o
    0x200000c5   COMPRESSED   0x00000001   Data   RW         4808    .data               gpio.o
    0x200000c6   COMPRESSED   0x00000002   PAD
    0x200000c8   COMPRESSED   0x0000000c   Data   RW         4909    .data               exti.o
    0x200000d4   COMPRESSED   0x00000004   Data   RW         4910    .data               exti.o
    0x200000d8   COMPRESSED   0x00000004   Data   RW         4911    .data               exti.o
    0x200000dc   COMPRESSED   0x00000004   Data   RW         4912    .data               exti.o
    0x200000e0   COMPRESSED   0x00000002   Data   RW         4940    .data               voice.o
    0x200000e2   COMPRESSED   0x00000002   Data   RW         4974    .data               flash.o
    0x200000e4   COMPRESSED   0x00000001   Data   RW         5020    .data               queen.o
    0x200000e5   COMPRESSED   0x00000001   Data   RW         5021    .data               queen.o
    0x200000e6   COMPRESSED   0x00000002   PAD
    0x200000e8   COMPRESSED   0x00000c88   Data   RW         5139    .data               iot_hub.o
    0x20000d70   COMPRESSED   0x00000208   Data   RW         5483    .data               protocol.o
    0x20000f78   COMPRESSED   0x00000008   Data   RW         5650    .data               control_app.o
    0x20000f80   COMPRESSED   0x00000020   Data   RW         5776    .data               control_interface.o
    0x20000fa0   COMPRESSED   0x00000274   Data   RW         5857    .data               factory_test.o
    0x20001214   COMPRESSED   0x00000004   Data   RW         6108    .data               system_stm32f0xx.o
    0x20001218   COMPRESSED   0x00000004   Data   RW         6509    .data               mc_p.l(stdout.o)
    0x2000121c   COMPRESSED   0x00000004   Data   RW         6550    .data               mc_p.l(mvars.o)
    0x20001220   COMPRESSED   0x00000004   Data   RW         6551    .data               mc_p.l(mvars.o)
    0x20001224   COMPRESSED   0x00000004   Data   RW         6555    .data               mc_p.l(errno.o)
    0x20001228        -       0x000003d8   Zero   RW          297    .bss                main.o
    0x20001600        -       0x00000044   Zero   RW          298    .bss                main.o
    0x20001644        -       0x00000040   Zero   RW          518    .bss                stm32f0xx_hal_timebase_tim.o
    0x20001684        -       0x000000f0   Zero   RW          612    .bss                tasks.o
    0x20001774        -       0x00003a98   Zero   RW          937    .bss                heap_4.o
    0x2000520c        -       0x00000040   Zero   RW         1109    .bss                queue.o
    0x2000524c        -       0x00000028   Zero   RW         1246    .bss                timers.o
    0x20005274        -       0x000000f0   Zero   RW         4738    .bss                usart.o
    0x20005364        -       0x000000d8   Zero   RW         5015    .bss                queen.o
    0x2000543c        -       0x000000d8   Zero   RW         5016    .bss                queen.o
    0x20005514        -       0x000000d8   Zero   RW         5017    .bss                queen.o
    0x200055ec   COMPRESSED   0x00000004   PAD
    0x200055f0        -       0x000009f7   Zero   RW         5137    .bss                iot_hub.o
    0x20005fe7   COMPRESSED   0x00000001   PAD
    0x20005fe8        -       0x00000029   Zero   RW         5482    .bss                protocol.o
    0x20006011   COMPRESSED   0x00000003   PAD
    0x20006014        -       0x00000048   Zero   RW         5648    .bss                control_app.o
    0x2000605c        -       0x00000010   Zero   RW         5775    .bss                control_interface.o
    0x2000606c   COMPRESSED   0x00000004   PAD
    0x20006070        -       0x00000200   Zero   RW          550    HEAP                startup_stm32f030xc.o
    0x20006270        -       0x00000400   Zero   RW          549    STACK               startup_stm32f030xc.o


==============================================================================

Image component sizes


      Code (inc. data)   RO Data    RW Data    ZI Data      Debug   Object Name

       100         26          0          0          0        634   adc.o
      1386        276          0          0          0       9675   bt_app.o
       106          0          0          0          0       7588   cmsis_os.o
      2482        450        220          8         72      15222   control_app.o
      1552        540          0         32         16       6075   control_interface.o
        96          4          0         24          0        998   exti.o
      1738        540          0        628          0      14193   factory_test.o
       368         14          0          2          0       2288   flash.o
         2          0          0          0          0        399   freertos.o
       636         72          0         26          0       5905   gpio.o
       392         28          0         24      15000       4155   heap_4.o
      3752        914          0       3208       2551      24387   iot_hub.o
       136          0          0          0          0       3250   list.o
      2074        348         64         56       1052      21718   main.o
       366         56          0          4          0       7163   port.o
      3744        766          0        520         41      16764   protocol.o
       260          0          0          2        648       5242   queen.o
      1306          4          0          0         64      12253   queue.o
        28          8        184          0       1536        580   startup_stm32f030xc.o
        88         18          0          4          0       2920   stm32f0xx_hal.o
      1086         54          0          0          0       7401   stm32f0xx_hal_adc.o
       176          0          0          0          0       1342   stm32f0xx_hal_adc_ex.o
       196         38          0          0          0       9958   stm32f0xx_hal_cortex.o
       498         16          0          0          0       4674   stm32f0xx_hal_dma.o
       374         32          0          0          0       3462   stm32f0xx_hal_gpio.o
      1494         24          0          0          0      11526   stm32f0xx_hal_i2c.o
       146          0          0          0          0       1847   stm32f0xx_hal_i2c_ex.o
       116         20          0          0          0       1655   stm32f0xx_hal_iwdg.o
       652        108          0          0          0       4029   stm32f0xx_hal_msp.o
      1384        104          0          0          0       5470   stm32f0xx_hal_rcc.o
       236         14          0          0          0       1376   stm32f0xx_hal_rcc_ex.o
       914         20          0          0          0       6980   stm32f0xx_hal_rtc.o
       918         26          0          0          0       9337   stm32f0xx_hal_tim.o
        76          0          0          0          0       2282   stm32f0xx_hal_tim_ex.o
       120         22          0          0         64       1384   stm32f0xx_hal_timebase_tim.o
      1702         50          0          0          0      11461   stm32f0xx_hal_uart.o
       148         42          0          0          0     334074   stm32f0xx_it.o
        92         14         24          4          0       1083   system_stm32f0xx.o
      1834        158          0         60        240      22367   tasks.o
       784         76          0         20         40       8435   timers.o
       336         68          0          4        240       4065   usart.o
       198         28          0          2          0       2460   voice.o

    ----------------------------------------------------------------------
     34140       4978        524       4632      21576     618077   Object Totals
         0          0         32          0          0          0   (incl. Generated)
        48          0          0          4         12          0   (incl. Padding)

    ----------------------------------------------------------------------

      Code (inc. data)   RO Data    RW Data    ZI Data      Debug   Library Member Name

        42          0          0          0          0         76   atof.o
        86          0          0          0          0          0   __dczerorl2.o
        30          0          0          0          0         60   _chval.o
        68          0          0          0          0         76   _sgetc.o
       166          0          0          0          0         84   _strtoul.o
        26          0          0          0          0         72   atoi.o
         8          4        133          0          0         60   ctype_o.o
         0          0          0          0          0          0   entry.o
         0          0          0          0          0          0   entry10a.o
         0          0          0          0          0          0   entry11a.o
         8          4          0          0          0          0   entry2.o
         4          0          0          0          0          0   entry5.o
         0          0          0          0          0          0   entry7b.o
         0          0          0          0          0          0   entry8b.o
         8          4          0          0          0          0   entry9a.o
        32         16          0          4          0        180   errno.o
        30          0          0          0          0          0   handlers.o
        40          0          0          0          0         72   idiv.o
        36          8          0          0          0         68   init.o
        18          0          0          0          0         68   isspace_o.o
         0          0          0          0          0          0   iusefp.o
       122          0          0          0          0         84   llmul.o
        32          0          0          0          0         68   llshl.o
        38          0          0          0          0         68   llsshr.o
        34          0          0          0          0         68   llushr.o
       116         12         12          0          0         72   localtime_i.o
       192         20          0          0          0        144   malloc.o
        36          0          0          0          0         60   memcpya.o
        36          0          0          0          0        100   memseta.o
       140         16         12          0          0         72   mktime.o
         0          0          0          8          0          0   mvars.o
      2302        102          0          0          0        556   printfa.o
       898         12          0          0          0        184   scanf_fp.o
         0          0          0          4          0          0   stdout.o
        24          0          0          0          0         60   strcat.o
        18          0          0          0          0         60   strcpy.o
        14          0          0          0          0         60   strlen.o
        26          0          0          0          0         68   strncpy.o
        40          0          0          0          0         72   strstr.o
       164         16          0          0          0        120   strtod.o
       112          4          0          0          0         76   strtol.o
        44          0          0          0          0         72   uidiv.o
        96          0          0          0          0         84   uldiv.o
        20          0          0          0          0         60   uread4.o
        18          0          0          0          0         60   uwrite4.o
        40          2          0          0          0         68   cdcmple.o
        40          2          0          0          0         68   cdrcmple.o
        56          0          0          0          0         68   d2f.o
       356          4          0          0          0        140   dadd.o
       240          6          0          0          0         84   ddiv.o
       236          0          0          0          0        216   depilogue.o
        72         10          0          0          0         72   dfixi.o
        60         10          0          0          0         68   dfixui.o
        64         10          0          0          0         68   dfixul.o
        40          6          0          0          0         68   dflti.o
        28          4          0          0          0         68   dfltui.o
        28          6          0          0          0         68   dfltul.o
       208          6          0          0          0         88   dmul.o
        44          0          0          0          0         72   dscalb.o
        40          0          0          0          0         60   f2d.o
       130          0          0          0          0        144   fepilogue.o
        40          0          0          0          0         60   ffixui.o
        14          0          0          0          0         68   ffltui.o
       122          0          0          0          0         72   fmul.o

    ----------------------------------------------------------------------
      7004        284        160         16          0       4704   Library Totals
        22          0          3          0          0          0   (incl. Padding)

    ----------------------------------------------------------------------

      Code (inc. data)   RO Data    RW Data    ZI Data      Debug   Library Name

        42          0          0          0          0         76   m_ps.l
      5082        218        157         16          0       3008   mc_p.l
      1858         66          0          0          0       1620   mf_p.l

    ----------------------------------------------------------------------
      7004        284        160         16          0       4704   Library Totals

    ----------------------------------------------------------------------

==============================================================================


      Code (inc. data)   RO Data    RW Data    ZI Data      Debug   

     41144       5262        684       4648      21576     605337   Grand Totals
     41144       5262        684       1284      21576     605337   ELF Image Totals (compressed)
     41144       5262        684       1284          0          0   ROM Totals

==============================================================================

    Total RO  Size (Code + RO Data)                41828 (  40.85kB)
    Total RW  Size (RW Data + ZI Data)             26224 (  25.61kB)
    Total ROM Size (Code + RO Data + RW Data)      43112 (  42.10kB)

==============================================================================

